Component: ARM Compiler 5.06 update 6 (build 750) Tool: armlink [4d35ed]

==============================================================================

Section Cross References

    bsp_systicks.o(i.delay_ms) refers to bsp_systicks.o(.data) for fac_ms
    bsp_systicks.o(i.delay_us) refers to bsp_systicks.o(.data) for fac_us
    bsp_systicks.o(i.systick_delay_config) refers to gd32f30x_misc.o(i.systick_clksource_set) for systick_clksource_set
    bsp_systicks.o(i.systick_delay_config) refers to system_gd32f30x.o(.data) for SystemCoreClock
    bsp_systicks.o(i.systick_delay_config) refers to bsp_systicks.o(.data) for fac_us
    main.o(i.adc_config) refers to gd32f30x_rcu.o(i.rcu_periph_clock_enable) for rcu_periph_clock_enable
    main.o(i.adc_config) refers to gd32f30x_rcu.o(i.rcu_adc_clock_config) for rcu_adc_clock_config
    main.o(i.adc_config) refers to gd32f30x_adc.o(i.adc_deinit) for adc_deinit
    main.o(i.adc_config) refers to gd32f30x_adc.o(i.adc_mode_config) for adc_mode_config
    main.o(i.adc_config) refers to gd32f30x_adc.o(i.adc_data_alignment_config) for adc_data_alignment_config
    main.o(i.adc_config) refers to gd32f30x_adc.o(i.adc_channel_length_config) for adc_channel_length_config
    main.o(i.adc_config) refers to gd32f30x_adc.o(i.adc_external_trigger_source_config) for adc_external_trigger_source_config
    main.o(i.adc_config) refers to gd32f30x_adc.o(i.adc_external_trigger_config) for adc_external_trigger_config
    main.o(i.adc_config) refers to gd32f30x_adc.o(i.adc_regular_channel_config) for adc_regular_channel_config
    main.o(i.adc_config) refers to gd32f30x_adc.o(i.adc_enable) for adc_enable
    main.o(i.adc_config) refers to main.o(i.delay_ms) for delay_ms
    main.o(i.adc_config) refers to gd32f30x_adc.o(i.adc_calibration_enable) for adc_calibration_enable
    main.o(i.adc_read_vbus_raw) refers to gd32f30x_adc.o(i.adc_software_trigger_enable) for adc_software_trigger_enable
    main.o(i.adc_read_vbus_raw) refers to gd32f30x_adc.o(i.adc_flag_get) for adc_flag_get
    main.o(i.adc_read_vbus_raw) refers to gd32f30x_adc.o(i.adc_flag_clear) for adc_flag_clear
    main.o(i.adc_read_vbus_raw) refers to gd32f30x_adc.o(i.adc_regular_data_read) for adc_regular_data_read
    main.o(i.clock_config) refers to gd32f30x_rcu.o(i.rcu_osci_on) for rcu_osci_on
    main.o(i.clock_config) refers to gd32f30x_rcu.o(i.rcu_osci_stab_wait) for rcu_osci_stab_wait
    main.o(i.clock_config) refers to gd32f30x_rcu.o(i.rcu_pll_config) for rcu_pll_config
    main.o(i.clock_config) refers to gd32f30x_rcu.o(i.rcu_system_clock_source_config) for rcu_system_clock_source_config
    main.o(i.clock_config) refers to gd32f30x_rcu.o(i.rcu_system_clock_source_get) for rcu_system_clock_source_get
    main.o(i.clock_config) refers to gd32f30x_rcu.o(i.rcu_ahb_clock_config) for rcu_ahb_clock_config
    main.o(i.clock_config) refers to gd32f30x_rcu.o(i.rcu_apb2_clock_config) for rcu_apb2_clock_config
    main.o(i.clock_config) refers to gd32f30x_rcu.o(i.rcu_apb1_clock_config) for rcu_apb1_clock_config
    main.o(i.clock_config) refers to system_gd32f30x.o(.data) for SystemCoreClock
    main.o(i.gpio_config) refers to gd32f30x_rcu.o(i.rcu_periph_clock_enable) for rcu_periph_clock_enable
    main.o(i.gpio_config) refers to gd32f30x_gpio.o(i.gpio_init) for gpio_init
    main.o(i.gpio_config) refers to gd32f30x_gpio.o(i.gpio_bit_reset) for gpio_bit_reset
    main.o(i.gpio_config) refers to gd32f30x_gpio.o(i.gpio_bit_set) for gpio_bit_set
    main.o(i.main) refers to main.o(i.clock_config) for clock_config
    main.o(i.main) refers to main.o(i.gpio_config) for gpio_config
    main.o(i.main) refers to main.o(i.adc_config) for adc_config
    main.o(i.main) refers to gd32f30x_gpio.o(i.gpio_bit_reset) for gpio_bit_reset
    main.o(i.main) refers to gd32f30x_gpio.o(i.gpio_bit_set) for gpio_bit_set
    main.o(i.main) refers to main.o(i.timer0_pwm_fullbridge_init) for timer0_pwm_fullbridge_init
    main.o(i.main) refers to bsp_systicks.o(i.systick_delay_config) for systick_delay_config
    main.o(i.main) refers to main.o(i.vbus_read_volts) for vbus_read_volts
    main.o(i.main) refers to gd32f30x_timer.o(i.timer_channel_output_pulse_value_config) for timer_channel_output_pulse_value_config
    main.o(i.main) refers to main.o(i.delay_ms) for delay_ms
    main.o(i.main) refers to main.o(.data) for g_state
    main.o(i.timer0_pwm_fullbridge_init) refers to gd32f30x_rcu.o(i.rcu_periph_clock_enable) for rcu_periph_clock_enable
    main.o(i.timer0_pwm_fullbridge_init) refers to gd32f30x_timer.o(i.timer_deinit) for timer_deinit
    main.o(i.timer0_pwm_fullbridge_init) refers to gd32f30x_timer.o(i.timer_init) for timer_init
    main.o(i.timer0_pwm_fullbridge_init) refers to uldiv.o(.text) for __aeabi_uldivmod
    main.o(i.timer0_pwm_fullbridge_init) refers to memseta.o(.text) for __aeabi_memclr4
    main.o(i.timer0_pwm_fullbridge_init) refers to gd32f30x_timer.o(i.timer_break_config) for timer_break_config
[...]
    Removing gd32f30x_adc.o(i.adc_inserted_channel_offset_config), (36 bytes).
    Removing gd32f30x_adc.o(i.adc_inserted_data_read), (46 bytes).
    Removing gd32f30x_adc.o(i.adc_interrupt_disable), (44 bytes).
    Removing gd32f30x_adc.o(i.adc_interrupt_enable), (44 bytes).
    Removing gd32f30x_adc.o(i.adc_interrupt_flag_clear), (8 bytes).
    Removing gd32f30x_adc.o(i.adc_interrupt_flag_get), (88 bytes).
    Removing gd32f30x_adc.o(i.adc_oversample_mode_config), (56 bytes).
    Removing gd32f30x_adc.o(i.adc_oversample_mode_disable), (14 bytes).
    Removing gd32f30x_adc.o(i.adc_oversample_mode_enable), (14 bytes).
    Removing gd32f30x_adc.o(i.adc_resolution_config), (20 bytes).
    Removing gd32f30x_adc.o(i.adc_special_function_config), (90 bytes).
    Removing gd32f30x_adc.o(i.adc_sync_mode_convert_value_read), (12 bytes).
    Removing gd32f30x_adc.o(i.adc_tempsensor_vrefint_disable), (20 bytes).
    Removing gd32f30x_adc.o(i.adc_tempsensor_vrefint_enable), (20 bytes).
    Removing gd32f30x_adc.o(i.adc_watchdog_disable), (16 bytes).
    Removing gd32f30x_adc.o(i.adc_watchdog_group_channel_enable), (64 bytes).
    Removing gd32f30x_adc.o(i.adc_watchdog_single_channel_enable), (32 bytes).
    Removing gd32f30x_adc.o(i.adc_watchdog_threshold_config), (14 bytes).
    Removing gd32f30x_bkp.o(.rev16_text), (4 bytes).
    Removing gd32f30x_bkp.o(.revsh_text), (4 bytes).
    Removing gd32f30x_bkp.o(i.bkp_deinit), (12 bytes).
    Removing gd32f30x_bkp.o(i.bkp_flag_clear), (20 bytes).
    Removing gd32f30x_bkp.o(i.bkp_flag_get), (24 bytes).
    Removing gd32f30x_bkp.o(i.bkp_interrupt_flag_clear), (20 bytes).
    Removing gd32f30x_bkp.o(i.bkp_interrupt_flag_get), (24 bytes).
    Removing gd32f30x_bkp.o(i.bkp_read_data), (56 bytes).
    Removing gd32f30x_bkp.o(i.bkp_rtc_calibration_output_disable), (20 bytes).
    Removing gd32f30x_bkp.o(i.bkp_rtc_calibration_output_enable), (20 bytes).
    Removing gd32f30x_bkp.o(i.bkp_rtc_calibration_value_set), (24 bytes).
    Removing gd32f30x_bkp.o(i.bkp_rtc_clock_calibration_direction), (24 bytes).
    Removing gd32f30x_bkp.o(i.bkp_rtc_clock_output_select), (28 bytes).
    Removing gd32f30x_bkp.o(i.bkp_rtc_output_select), (28 bytes).
    Removing gd32f30x_bkp.o(i.bkp_rtc_signal_output_disable), (20 bytes).
    Removing gd32f30x_bkp.o(i.bkp_rtc_signal_output_enable), (20 bytes).
    Removing gd32f30x_bkp.o(i.bkp_tamper_active_level_set), (28 bytes).
    Removing gd32f30x_bkp.o(i.bkp_tamper_detection_disable), (20 bytes).
    Removing gd32f30x_bkp.o(i.bkp_tamper_detection_enable), (20 bytes).
    Removing gd32f30x_bkp.o(i.bkp_tamper_interrupt_disable), (20 bytes).
    Removing gd32f30x_bkp.o(i.bkp_tamper_interrupt_enable), (20 bytes).
    Removing gd32f30x_bkp.o(i.bkp_write_data), (52 bytes).
    Removing gd32f30x_can.o(.rev16_text), (4 bytes).
    Removing gd32f30x_can.o(.revsh_text), (4 bytes).
    Removing gd32f30x_can.o(i.can1_filter_start_bank), (56 bytes).
    Removing gd32f30x_can.o(i.can_debug_freeze_disable), (32 bytes).
    Removing gd32f30x_can.o(i.can_debug_freeze_enable), (32 bytes).
    Removing gd32f30x_can.o(i.can_deinit), (32 bytes).
    Removing gd32f30x_can.o(i.can_error_get), (12 bytes).
    Removing gd32f30x_can.o(i.can_fifo_release), (26 bytes).
    Removing gd32f30x_can.o(i.can_filter_init), (272 bytes).
    Removing gd32f30x_can.o(i.can_flag_clear), (26 bytes).
    Removing gd32f30x_can.o(i.can_flag_get), (30 bytes).
    Removing gd32f30x_can.o(i.can_init), (296 bytes).
    Removing gd32f30x_can.o(i.can_interrupt_disable), (8 bytes).
    Removing gd32f30x_can.o(i.can_interrupt_enable), (8 bytes).
    Removing gd32f30x_can.o(i.can_interrupt_flag_clear), (26 bytes).
    Removing gd32f30x_can.o(i.can_interrupt_flag_get), (52 bytes).
    Removing gd32f30x_can.o(i.can_message_receive), (228 bytes).
    Removing gd32f30x_can.o(i.can_message_transmit), (336 bytes).
    Removing gd32f30x_can.o(i.can_receive_error_number_get), (8 bytes).
    Removing gd32f30x_can.o(i.can_receive_message_length_get), (26 bytes).
    Removing gd32f30x_can.o(i.can_time_trigger_mode_disable), (48 bytes).
    Removing gd32f30x_can.o(i.can_time_trigger_mode_enable), (48 bytes).
    Removing gd32f30x_can.o(i.can_transmission_stop), (40 bytes).
    Removing gd32f30x_can.o(i.can_transmit_error_number_get), (10 bytes).
    Removing gd32f30x_can.o(i.can_transmit_states), (124 bytes).
    Removing gd32f30x_can.o(i.can_wakeup), (48 bytes).
    Removing gd32f30x_can.o(i.can_working_mode_set), (168 bytes).
    Removing gd32f30x_crc.o(.rev16_text), (4 bytes).
    Removing gd32f30x_crc.o(.revsh_text), (4 bytes).
    Removing gd32f30x_crc.o(i.crc_block_data_calculate), (36 bytes).
    Removing gd32f30x_crc.o(i.crc_data_register_read), (12 bytes).
    Removing gd32f30x_crc.o(i.crc_data_register_reset), (20 bytes).
    Removing gd32f30x_crc.o(i.crc_deinit), (24 bytes).
    Removing gd32f30x_crc.o(i.crc_free_data_register_read), (12 bytes).
    Removing gd32f30x_crc.o(i.crc_free_data_register_write), (12 bytes).
    Removing gd32f30x_crc.o(i.crc_single_data_calculate), (16 bytes).
    Removing gd32f30x_ctc.o(.rev16_text), (4 bytes).
    Removing gd32f30x_ctc.o(.revsh_text), (4 bytes).
    Removing gd32f30x_ctc.o(i.ctc_clock_limit_value_config), (28 bytes).
    Removing gd32f30x_ctc.o(i.ctc_counter_capture_value_read), (16 bytes).
    Removing gd32f30x_ctc.o(i.ctc_counter_direction_read), (24 bytes).
    Removing gd32f30x_ctc.o(i.ctc_counter_disable), (20 bytes).
    Removing gd32f30x_ctc.o(i.ctc_counter_enable), (20 bytes).
    Removing gd32f30x_ctc.o(i.ctc_counter_reload_value_config), (28 bytes).
    Removing gd32f30x_ctc.o(i.ctc_counter_reload_value_read), (16 bytes).
    Removing gd32f30x_ctc.o(i.ctc_deinit), (20 bytes).
    Removing gd32f30x_ctc.o(i.ctc_flag_clear), (36 bytes).
    Removing gd32f30x_ctc.o(i.ctc_flag_get), (24 bytes).
    Removing gd32f30x_ctc.o(i.ctc_hardware_trim_mode_config), (28 bytes).
    Removing gd32f30x_ctc.o(i.ctc_interrupt_disable), (16 bytes).
    Removing gd32f30x_ctc.o(i.ctc_interrupt_enable), (16 bytes).
    Removing gd32f30x_ctc.o(i.ctc_interrupt_flag_clear), (36 bytes).
    Removing gd32f30x_ctc.o(i.ctc_interrupt_flag_get), (56 bytes).
    Removing gd32f30x_ctc.o(i.ctc_irc48m_trim_value_config), (28 bytes).
    Removing gd32f30x_ctc.o(i.ctc_irc48m_trim_value_read), (16 bytes).
    Removing gd32f30x_ctc.o(i.ctc_refsource_polarity_config), (28 bytes).
    Removing gd32f30x_ctc.o(i.ctc_refsource_prescaler_config), (28 bytes).
    Removing gd32f30x_ctc.o(i.ctc_refsource_signal_select), (28 bytes).
    Removing gd32f30x_ctc.o(i.ctc_software_refsource_pulse_generate), (20 bytes).
    Removing gd32f30x_dac.o(.rev16_text), (4 bytes).
    Removing gd32f30x_dac.o(.revsh_text), (4 bytes).
    Removing gd32f30x_dac.o(i.dac_concurrent_data_set), (64 bytes).
    Removing gd32f30x_dac.o(i.dac_concurrent_disable), (24 bytes).
    Removing gd32f30x_dac.o(i.dac_concurrent_enable), (24 bytes).
    Removing gd32f30x_dac.o(i.dac_concurrent_output_buffer_disable), (24 bytes).
    Removing gd32f30x_dac.o(i.dac_concurrent_output_buffer_enable), (24 bytes).
    Removing gd32f30x_dac.o(i.dac_concurrent_software_trigger_disable), (20 bytes).
    Removing gd32f30x_dac.o(i.dac_concurrent_software_trigger_enable), (20 bytes).
    Removing gd32f30x_dac.o(i.dac_data_set), (88 bytes).
    Removing gd32f30x_dac.o(i.dac_deinit), (20 bytes).
    Removing gd32f30x_dac.o(i.dac_disable), (36 bytes).
    Removing gd32f30x_dac.o(i.dac_dma_disable), (36 bytes).
    Removing gd32f30x_dac.o(i.dac_dma_enable), (36 bytes).
    Removing gd32f30x_dac.o(i.dac_enable), (36 bytes).
    Removing gd32f30x_dac.o(i.dac_lfsr_noise_config), (52 bytes).
    Removing gd32f30x_dac.o(i.dac_output_buffer_disable), (36 bytes).
    Removing gd32f30x_dac.o(i.dac_output_buffer_enable), (36 bytes).
    Removing gd32f30x_dac.o(i.dac_output_value_get), (28 bytes).
    Removing gd32f30x_dac.o(i.dac_software_trigger_disable), (36 bytes).
    Removing gd32f30x_dac.o(i.dac_software_trigger_enable), (36 bytes).
    Removing gd32f30x_dac.o(i.dac_triangle_noise_config), (52 bytes).
    Removing gd32f30x_dac.o(i.dac_trigger_disable), (36 bytes).
    Removing gd32f30x_dac.o(i.dac_trigger_enable), (36 bytes).
    Removing gd32f30x_dac.o(i.dac_trigger_source_config), (52 bytes).
    Removing gd32f30x_dac.o(i.dac_wave_bit_width_config), (52 bytes).
    Removing gd32f30x_dac.o(i.dac_wave_mode_config), (52 bytes).
    Removing gd32f30x_dbg.o(.rev16_text), (4 bytes).
    Removing gd32f30x_dbg.o(.revsh_text), (4 bytes).
    Removing gd32f30x_dbg.o(i.dbg_id_get), (12 bytes).
    Removing gd32f30x_dbg.o(i.dbg_low_power_disable), (16 bytes).
    Removing gd32f30x_dbg.o(i.dbg_low_power_enable), (16 bytes).
    Removing gd32f30x_dbg.o(i.dbg_periph_disable), (16 bytes).
    Removing gd32f30x_dbg.o(i.dbg_periph_enable), (16 bytes).
    Removing gd32f30x_dbg.o(i.dbg_trace_pin_disable), (20 bytes).
    Removing gd32f30x_dbg.o(i.dbg_trace_pin_enable), (20 bytes).
    Removing gd32f30x_dbg.o(i.dbg_trace_pin_mode_set), (28 bytes).
    Removing gd32f30x_dma.o(.rev16_text), (4 bytes).
    Removing gd32f30x_dma.o(.revsh_text), (4 bytes).
    Removing gd32f30x_dma.o(i.dma_channel_disable), (50 bytes).
    Removing gd32f30x_dma.o(i.dma_channel_enable), (50 bytes).
    Removing gd32f30x_dma.o(i.dma_circulation_disable), (50 bytes).
    Removing gd32f30x_dma.o(i.dma_circulation_enable), (50 bytes).
    Removing gd32f30x_dma.o(i.dma_deinit), (112 bytes).
    Removing gd32f30x_dma.o(i.dma_flag_clear), (16 bytes).
    Removing gd32f30x_dma.o(i.dma_flag_get), (24 bytes).
    Removing gd32f30x_dma.o(i.dma_init), (308 bytes).
    Removing gd32f30x_dma.o(i.dma_interrupt_disable), (50 bytes).
    Removing gd32f30x_dma.o(i.dma_interrupt_enable), (50 bytes).
    Removing gd32f30x_dma.o(i.dma_interrupt_flag_clear), (16 bytes).
    Removing gd32f30x_dma.o(i.dma_interrupt_flag_get), (130 bytes).
    Removing gd32f30x_dma.o(i.dma_memory_address_config), (36 bytes).
    Removing gd32f30x_dma.o(i.dma_memory_increase_disable), (50 bytes).
    Removing gd32f30x_dma.o(i.dma_memory_increase_enable), (50 bytes).
    Removing gd32f30x_dma.o(i.dma_memory_to_memory_disable), (50 bytes).
    Removing gd32f30x_dma.o(i.dma_memory_to_memory_enable), (50 bytes).
    Removing gd32f30x_dma.o(i.dma_memory_width_config), (58 bytes).
    Removing gd32f30x_dma.o(i.dma_periph_address_config), (36 bytes).
    Removing gd32f30x_dma.o(i.dma_periph_and_channel_check), (24 bytes).
    Removing gd32f30x_dma.o(i.dma_periph_increase_disable), (50 bytes).
    Removing gd32f30x_dma.o(i.dma_periph_increase_enable), (50 bytes).
    Removing gd32f30x_dma.o(i.dma_periph_width_config), (58 bytes).
    Removing gd32f30x_dma.o(i.dma_priority_config), (58 bytes).
    Removing gd32f30x_dma.o(i.dma_transfer_direction_config), (84 bytes).
    Removing gd32f30x_dma.o(i.dma_transfer_number_config), (38 bytes).
    Removing gd32f30x_dma.o(i.dma_transfer_number_get), (34 bytes).
    Removing gd32f30x_enet.o(.rev16_text), (4 bytes).
    Removing gd32f30x_enet.o(.revsh_text), (4 bytes).
    Removing gd32f30x_exmc.o(.rev16_text), (4 bytes).
    Removing gd32f30x_exmc.o(.revsh_text), (4 bytes).
    Removing gd32f30x_exmc.o(i.exmc_ecc_get), (12 bytes).
    Removing gd32f30x_exmc.o(i.exmc_flag_clear), (20 bytes).
    Removing gd32f30x_exmc.o(i.exmc_flag_get), (28 bytes).
    Removing gd32f30x_exmc.o(i.exmc_interrupt_disable), (20 bytes).
    Removing gd32f30x_exmc.o(i.exmc_interrupt_enable), (20 bytes).
    Removing gd32f30x_exmc.o(i.exmc_interrupt_flag_clear), (22 bytes).
    Removing gd32f30x_exmc.o(i.exmc_interrupt_flag_get), (38 bytes).
    Removing gd32f30x_exmc.o(i.exmc_nand_deinit), (42 bytes).
    Removing gd32f30x_exmc.o(i.exmc_nand_disable), (22 bytes).
    Removing gd32f30x_exmc.o(i.exmc_nand_ecc_config), (48 bytes).
    Removing gd32f30x_exmc.o(i.exmc_nand_enable), (22 bytes).
    Removing gd32f30x_exmc.o(i.exmc_nand_init), (174 bytes).
    Removing gd32f30x_exmc.o(i.exmc_nand_parameter_init), (54 bytes).
    Removing gd32f30x_exmc.o(i.exmc_norsram_deinit), (52 bytes).
    Removing gd32f30x_exmc.o(i.exmc_norsram_disable), (22 bytes).
    Removing gd32f30x_exmc.o(i.exmc_norsram_enable), (22 bytes).
    Removing gd32f30x_exmc.o(i.exmc_norsram_init), (284 bytes).
    Removing gd32f30x_exmc.o(i.exmc_norsram_page_size_config), (40 bytes).
    Removing gd32f30x_exmc.o(i.exmc_norsram_parameter_init), (106 bytes).
    Removing gd32f30x_exmc.o(i.exmc_pccard_deinit), (40 bytes).
    Removing gd32f30x_exmc.o(i.exmc_pccard_disable), (24 bytes).
    Removing gd32f30x_exmc.o(i.exmc_pccard_enable), (24 bytes).
    Removing gd32f30x_exmc.o(i.exmc_pccard_init), (192 bytes).
    Removing gd32f30x_exmc.o(i.exmc_pccard_parameter_init), (60 bytes).
    Removing gd32f30x_exti.o(.rev16_text), (4 bytes).
    Removing gd32f30x_exti.o(.revsh_text), (4 bytes).
    Removing gd32f30x_exti.o(i.exti_deinit), (28 bytes).
    Removing gd32f30x_exti.o(i.exti_event_disable), (16 bytes).
    Removing gd32f30x_exti.o(i.exti_event_enable), (16 bytes).
    Removing gd32f30x_exti.o(i.exti_flag_clear), (12 bytes).
    Removing gd32f30x_exti.o(i.exti_flag_get), (24 bytes).
    Removing gd32f30x_exti.o(i.exti_init), (184 bytes).
    Removing gd32f30x_exti.o(i.exti_interrupt_disable), (16 bytes).
    Removing gd32f30x_exti.o(i.exti_interrupt_enable), (16 bytes).
    Removing gd32f30x_exti.o(i.exti_software_interrupt_disable), (16 bytes).
    Removing gd32f30x_exti.o(i.exti_software_interrupt_enable), (16 bytes).
    Removing gd32f30x_fmc.o(.rev16_text), (4 bytes).
    Removing gd32f30x_fmc.o(.revsh_text), (4 bytes).
    Removing gd32f30x_fmc.o(i.fmc_bank0_erase), (68 bytes).
    Removing gd32f30x_fmc.o(i.fmc_bank0_lock), (20 bytes).
    Removing gd32f30x_fmc.o(i.fmc_bank0_ready_wait), (34 bytes).
    Removing gd32f30x_fmc.o(i.fmc_bank0_state_get), (48 bytes).
    Removing gd32f30x_fmc.o(i.fmc_bank0_unlock), (36 bytes).
    Removing gd32f30x_fmc.o(i.fmc_bank1_erase), (68 bytes).
    Removing gd32f30x_fmc.o(i.fmc_bank1_lock), (20 bytes).
    Removing gd32f30x_fmc.o(i.fmc_bank1_ready_wait), (34 bytes).
    Removing gd32f30x_fmc.o(i.fmc_bank1_state_get), (48 bytes).
    Removing gd32f30x_fmc.o(i.fmc_bank1_unlock), (36 bytes).
    Removing gd32f30x_fmc.o(i.fmc_flag_clear), (32 bytes).
    Removing gd32f30x_fmc.o(i.fmc_flag_get), (36 bytes).
    Removing gd32f30x_fmc.o(i.fmc_halfword_program), (192 bytes).
    Removing gd32f30x_fmc.o(i.fmc_interrupt_disable), (32 bytes).
    Removing gd32f30x_fmc.o(i.fmc_interrupt_enable), (32 bytes).
    Removing gd32f30x_fmc.o(i.fmc_interrupt_flag_clear), (32 bytes).
    Removing gd32f30x_fmc.o(i.fmc_interrupt_flag_get), (108 bytes).
    Removing gd32f30x_fmc.o(i.fmc_lock), (44 bytes).
    Removing gd32f30x_fmc.o(i.fmc_mass_erase), (196 bytes).
    Removing gd32f30x_fmc.o(i.fmc_page_erase), (236 bytes).
    Removing gd32f30x_fmc.o(i.fmc_unlock), (68 bytes).
    Removing gd32f30x_fmc.o(i.fmc_word_program), (192 bytes).
    Removing gd32f30x_fmc.o(i.fmc_wscnt_set), (24 bytes).
    Removing gd32f30x_fmc.o(i.ob_data_get), (16 bytes).
    Removing gd32f30x_fmc.o(i.ob_data_program), (68 bytes).
    Removing gd32f30x_fmc.o(i.ob_erase), (140 bytes).
    Removing gd32f30x_fmc.o(i.ob_lock), (20 bytes).
    Removing gd32f30x_fmc.o(i.ob_security_protection_config), (132 bytes).
    Removing gd32f30x_fmc.o(i.ob_spc_get), (24 bytes).
    Removing gd32f30x_fmc.o(i.ob_unlock), (36 bytes).
    Removing gd32f30x_fmc.o(i.ob_user_get), (16 bytes).
    Removing gd32f30x_fmc.o(i.ob_user_write), (96 bytes).
    Removing gd32f30x_fmc.o(i.ob_write_protection_enable), (168 bytes).
    Removing gd32f30x_fmc.o(i.ob_write_protection_get), (12 bytes).
    Removing gd32f30x_fwdgt.o(.rev16_text), (4 bytes).
    Removing gd32f30x_fwdgt.o(.revsh_text), (4 bytes).
    Removing gd32f30x_fwdgt.o(i.fwdgt_config), (104 bytes).
    Removing gd32f30x_fwdgt.o(i.fwdgt_counter_reload), (16 bytes).
    Removing gd32f30x_fwdgt.o(i.fwdgt_enable), (16 bytes).
    Removing gd32f30x_fwdgt.o(i.fwdgt_flag_get), (24 bytes).
    Removing gd32f30x_fwdgt.o(i.fwdgt_write_disable), (12 bytes).
    Removing gd32f30x_gpio.o(.rev16_text), (4 bytes).
    Removing gd32f30x_gpio.o(.revsh_text), (4 bytes).
    Removing gd32f30x_gpio.o(i.gpio_afio_deinit), (20 bytes).
    Removing gd32f30x_gpio.o(i.gpio_bit_write), (10 bytes).
    Removing gd32f30x_gpio.o(i.gpio_compensation_config), (24 bytes).
    Removing gd32f30x_gpio.o(i.gpio_compensation_flag_get), (24 bytes).
    Removing gd32f30x_gpio.o(i.gpio_deinit), (196 bytes).
    Removing gd32f30x_gpio.o(i.gpio_event_output_config), (28 bytes).
    Removing gd32f30x_gpio.o(i.gpio_event_output_disable), (20 bytes).
    Removing gd32f30x_gpio.o(i.gpio_event_output_enable), (20 bytes).
    Removing gd32f30x_gpio.o(i.gpio_exti_source_select), (152 bytes).
    Removing gd32f30x_gpio.o(i.gpio_input_bit_get), (16 bytes).
    Removing gd32f30x_gpio.o(i.gpio_input_port_get), (8 bytes).
    Removing gd32f30x_gpio.o(i.gpio_output_bit_get), (16 bytes).
    Removing gd32f30x_gpio.o(i.gpio_output_port_get), (8 bytes).
    Removing gd32f30x_gpio.o(i.gpio_pin_lock), (18 bytes).
    Removing gd32f30x_gpio.o(i.gpio_pin_remap_config), (144 bytes).
    Removing gd32f30x_gpio.o(i.gpio_port_write), (4 bytes).
    Removing gd32f30x_i2c.o(.rev16_text), (4 bytes).
    Removing gd32f30x_i2c.o(.revsh_text), (4 bytes).
    Removing gd32f30x_i2c.o(i.i2c_ack_config), (24 bytes).
    Removing gd32f30x_i2c.o(i.i2c_ackpos_config), (22 bytes).
    Removing gd32f30x_i2c.o(i.i2c_clock_config), (300 bytes).
    Removing gd32f30x_i2c.o(i.i2c_data_receive), (8 bytes).
    Removing gd32f30x_i2c.o(i.i2c_data_transmit), (6 bytes).
    Removing gd32f30x_i2c.o(i.i2c_deinit), (64 bytes).
    Removing gd32f30x_i2c.o(i.i2c_disable), (10 bytes).
    Removing gd32f30x_i2c.o(i.i2c_dma_enable), (16 bytes).
    Removing gd32f30x_i2c.o(i.i2c_dma_last_transfer_enable), (16 bytes).
    Removing gd32f30x_i2c.o(i.i2c_dualaddr_enable), (24 bytes).
    Removing gd32f30x_i2c.o(i.i2c_enable), (10 bytes).
    Removing gd32f30x_i2c.o(i.i2c_flag_clear), (18 bytes).
    Removing gd32f30x_i2c.o(i.i2c_flag_get), (50 bytes).
    Removing gd32f30x_i2c.o(i.i2c_interrupt_disable), (8 bytes).
    Removing gd32f30x_i2c.o(i.i2c_interrupt_enable), (8 bytes).
    Removing gd32f30x_i2c.o(i.i2c_interrupt_flag_clear), (18 bytes).
    Removing gd32f30x_i2c.o(i.i2c_interrupt_flag_get), (94 bytes).
    Removing gd32f30x_i2c.o(i.i2c_master_addressing), (20 bytes).
    Removing gd32f30x_i2c.o(i.i2c_mode_addr_config), (24 bytes).
    Removing gd32f30x_i2c.o(i.i2c_pec_enable), (16 bytes).
    Removing gd32f30x_i2c.o(i.i2c_pec_transfer_enable), (16 bytes).
    Removing gd32f30x_i2c.o(i.i2c_pec_value_get), (10 bytes).
    Removing gd32f30x_i2c.o(i.i2c_slave_response_to_gcall_config), (16 bytes).
    Removing gd32f30x_i2c.o(i.i2c_smbus_arp_enable), (16 bytes).
    Removing gd32f30x_i2c.o(i.i2c_smbus_issue_alert), (16 bytes).
    Removing gd32f30x_i2c.o(i.i2c_smbus_type_config), (24 bytes).
    Removing gd32f30x_i2c.o(i.i2c_software_reset_config), (16 bytes).
    Removing gd32f30x_i2c.o(i.i2c_start_on_bus), (10 bytes).
    Removing gd32f30x_i2c.o(i.i2c_stop_on_bus), (10 bytes).
    Removing gd32f30x_i2c.o(i.i2c_stretch_scl_low_config), (16 bytes).
    Removing gd32f30x_misc.o(.rev16_text), (4 bytes).
    Removing gd32f30x_misc.o(.revsh_text), (4 bytes).
    Removing gd32f30x_misc.o(i.nvic_irq_disable), (24 bytes).
    Removing gd32f30x_misc.o(i.nvic_irq_enable), (164 bytes).
    Removing gd32f30x_misc.o(i.nvic_priority_group_set), (20 bytes).
    Removing gd32f30x_misc.o(i.nvic_vector_table_set), (20 bytes).
    Removing gd32f30x_misc.o(i.system_lowpower_reset), (16 bytes).
    Removing gd32f30x_misc.o(i.system_lowpower_set), (16 bytes).
    Removing gd32f30x_pmu.o(.rev16_text), (4 bytes).
    Removing gd32f30x_pmu.o(.revsh_text), (4 bytes).
    Removing gd32f30x_pmu.o(i.pmu_backup_write_disable), (20 bytes).
    Removing gd32f30x_pmu.o(i.pmu_backup_write_enable), (20 bytes).
    Removing gd32f30x_pmu.o(i.pmu_deinit), (20 bytes).
    Removing gd32f30x_pmu.o(i.pmu_flag_clear), (48 bytes).
    Removing gd32f30x_pmu.o(i.pmu_flag_get), (24 bytes).
    Removing gd32f30x_pmu.o(i.pmu_highdriver_mode_disable), (20 bytes).
    Removing gd32f30x_pmu.o(i.pmu_highdriver_mode_enable), (20 bytes).
    Removing gd32f30x_pmu.o(i.pmu_highdriver_switch_select), (44 bytes).
    Removing gd32f30x_pmu.o(i.pmu_ldo_output_select), (28 bytes).
    Removing gd32f30x_pmu.o(i.pmu_lowdriver_mode_disable), (20 bytes).
    Removing gd32f30x_pmu.o(i.pmu_lowdriver_mode_enable), (20 bytes).
    Removing gd32f30x_pmu.o(i.pmu_lowpower_driver_config), (28 bytes).
    Removing gd32f30x_pmu.o(i.pmu_lvd_disable), (20 bytes).
    Removing gd32f30x_pmu.o(i.pmu_lvd_select), (48 bytes).
    Removing gd32f30x_pmu.o(i.pmu_normalpower_driver_config), (28 bytes).
    Removing gd32f30x_pmu.o(i.pmu_to_deepsleepmode), (68 bytes).
    Removing gd32f30x_pmu.o(i.pmu_to_sleepmode), (28 bytes).
    Removing gd32f30x_pmu.o(i.pmu_to_standbymode), (52 bytes).
    Removing gd32f30x_pmu.o(i.pmu_wakeup_pin_disable), (20 bytes).
    Removing gd32f30x_pmu.o(i.pmu_wakeup_pin_enable), (20 bytes).
    Removing gd32f30x_rcu.o(.rev16_text), (4 bytes).
    Removing gd32f30x_rcu.o(.revsh_text), (4 bytes).
    Removing gd32f30x_rcu.o(i.rcu_all_reset_flag_clear), (20 bytes).
    Removing gd32f30x_rcu.o(i.rcu_bkp_reset_disable), (20 bytes).
    Removing gd32f30x_rcu.o(i.rcu_bkp_reset_enable), (20 bytes).
    Removing gd32f30x_rcu.o(i.rcu_ck48m_clock_config), (28 bytes).
    Removing gd32f30x_rcu.o(i.rcu_ckout0_config), (24 bytes).
    Removing gd32f30x_rcu.o(i.rcu_clock_freq_get), (344 bytes).
    Removing gd32f30x_rcu.o(i.rcu_deepsleep_voltage_set), (16 bytes).
    Removing gd32f30x_rcu.o(i.rcu_deinit), (84 bytes).
    Removing gd32f30x_rcu.o(i.rcu_hxtal_clock_monitor_disable), (20 bytes).
    Removing gd32f30x_rcu.o(i.rcu_hxtal_clock_monitor_enable), (20 bytes).
    Removing gd32f30x_rcu.o(i.rcu_interrupt_disable), (32 bytes).
    Removing gd32f30x_rcu.o(i.rcu_interrupt_enable), (32 bytes).
    Removing gd32f30x_rcu.o(i.rcu_interrupt_flag_clear), (32 bytes).
    Removing gd32f30x_rcu.o(i.rcu_interrupt_flag_get), (36 bytes).
    Removing gd32f30x_rcu.o(i.rcu_irc8m_adjust_value_set), (28 bytes).
    Removing gd32f30x_rcu.o(i.rcu_lxtal_drive_capability_config), (24 bytes).
    Removing gd32f30x_rcu.o(i.rcu_osci_bypass_mode_disable), (100 bytes).
    Removing gd32f30x_rcu.o(i.rcu_osci_bypass_mode_enable), (100 bytes).
    Removing gd32f30x_rcu.o(i.rcu_osci_off), (32 bytes).
    Removing gd32f30x_rcu.o(i.rcu_periph_clock_disable), (32 bytes).
    Removing gd32f30x_rcu.o(i.rcu_periph_clock_sleep_disable), (32 bytes).
    Removing gd32f30x_rcu.o(i.rcu_periph_clock_sleep_enable), (32 bytes).
    Removing gd32f30x_rcu.o(i.rcu_pllpresel_config), (24 bytes).
    Removing gd32f30x_rcu.o(i.rcu_predv0_config), (32 bytes).
    Removing gd32f30x_rcu.o(i.rcu_rtc_clock_config), (24 bytes).
    Removing gd32f30x_rcu.o(i.rcu_usb_clock_config), (24 bytes).
    Removing gd32f30x_rtc.o(.rev16_text), (4 bytes).
    Removing gd32f30x_rtc.o(.revsh_text), (4 bytes).
    Removing gd32f30x_rtc.o(i.rtc_alarm_config), (32 bytes).
    Removing gd32f30x_rtc.o(i.rtc_configuration_mode_enter), (20 bytes).
    Removing gd32f30x_rtc.o(i.rtc_configuration_mode_exit), (20 bytes).
    Removing gd32f30x_rtc.o(i.rtc_counter_get), (20 bytes).
    Removing gd32f30x_rtc.o(i.rtc_counter_set), (32 bytes).
    Removing gd32f30x_rtc.o(i.rtc_divider_get), (24 bytes).
    Removing gd32f30x_rtc.o(i.rtc_flag_clear), (16 bytes).
    Removing gd32f30x_rtc.o(i.rtc_flag_get), (24 bytes).
    Removing gd32f30x_rtc.o(i.rtc_interrupt_disable), (16 bytes).
    Removing gd32f30x_rtc.o(i.rtc_interrupt_enable), (16 bytes).
    Removing gd32f30x_rtc.o(i.rtc_lwoff_wait), (20 bytes).
    Removing gd32f30x_rtc.o(i.rtc_prescaler_set), (32 bytes).
    Removing gd32f30x_rtc.o(i.rtc_register_sync_wait), (32 bytes).
    Removing gd32f30x_sdio.o(.rev16_text), (4 bytes).
    Removing gd32f30x_sdio.o(.revsh_text), (4 bytes).
    Removing gd32f30x_sdio.o(i.sdio_bus_mode_set), (28 bytes).
    Removing gd32f30x_sdio.o(i.sdio_ceata_command_completion_disable), (20 bytes).
    Removing gd32f30x_sdio.o(i.sdio_ceata_command_completion_enable), (20 bytes).
    Removing gd32f30x_sdio.o(i.sdio_ceata_command_disable), (20 bytes).
    Removing gd32f30x_sdio.o(i.sdio_ceata_command_enable), (20 bytes).
    Removing gd32f30x_sdio.o(i.sdio_ceata_interrupt_disable), (20 bytes).
    Removing gd32f30x_sdio.o(i.sdio_ceata_interrupt_enable), (20 bytes).
    Removing gd32f30x_sdio.o(i.sdio_clock_config), (52 bytes).
    Removing gd32f30x_sdio.o(i.sdio_clock_disable), (20 bytes).
    Removing gd32f30x_sdio.o(i.sdio_clock_enable), (20 bytes).
    Removing gd32f30x_sdio.o(i.sdio_command_index_get), (12 bytes).
    Removing gd32f30x_sdio.o(i.sdio_command_response_config), (44 bytes).
    Removing gd32f30x_sdio.o(i.sdio_csm_disable), (20 bytes).
    Removing gd32f30x_sdio.o(i.sdio_csm_enable), (20 bytes).
    Removing gd32f30x_sdio.o(i.sdio_data_config), (52 bytes).
    Removing gd32f30x_sdio.o(i.sdio_data_counter_get), (12 bytes).
    Removing gd32f30x_sdio.o(i.sdio_data_read), (12 bytes).
    Removing gd32f30x_sdio.o(i.sdio_data_transfer_config), (28 bytes).
    Removing gd32f30x_sdio.o(i.sdio_data_write), (12 bytes).
    Removing gd32f30x_sdio.o(i.sdio_deinit), (28 bytes).
    Removing gd32f30x_sdio.o(i.sdio_dma_disable), (20 bytes).
    Removing gd32f30x_sdio.o(i.sdio_dma_enable), (20 bytes).
    Removing gd32f30x_sdio.o(i.sdio_dsm_disable), (20 bytes).
    Removing gd32f30x_sdio.o(i.sdio_dsm_enable), (20 bytes).
    Removing gd32f30x_sdio.o(i.sdio_fifo_counter_get), (12 bytes).
    Removing gd32f30x_sdio.o(i.sdio_flag_clear), (12 bytes).
    Removing gd32f30x_sdio.o(i.sdio_flag_get), (20 bytes).
    Removing gd32f30x_sdio.o(i.sdio_hardware_clock_disable), (20 bytes).
    Removing gd32f30x_sdio.o(i.sdio_hardware_clock_enable), (20 bytes).
    Removing gd32f30x_sdio.o(i.sdio_interrupt_disable), (16 bytes).
    Removing gd32f30x_sdio.o(i.sdio_interrupt_enable), (16 bytes).
    Removing gd32f30x_sdio.o(i.sdio_interrupt_flag_clear), (12 bytes).
    Removing gd32f30x_sdio.o(i.sdio_interrupt_flag_get), (36 bytes).
    Removing gd32f30x_sdio.o(i.sdio_operation_disable), (20 bytes).
    Removing gd32f30x_sdio.o(i.sdio_operation_enable), (20 bytes).
    Removing gd32f30x_sdio.o(i.sdio_power_state_get), (12 bytes).
    Removing gd32f30x_sdio.o(i.sdio_power_state_set), (12 bytes).
    Removing gd32f30x_sdio.o(i.sdio_readwait_disable), (20 bytes).
    Removing gd32f30x_sdio.o(i.sdio_readwait_enable), (20 bytes).
    Removing gd32f30x_sdio.o(i.sdio_readwait_type_set), (40 bytes).
    Removing gd32f30x_sdio.o(i.sdio_response_get), (56 bytes).
    Removing gd32f30x_sdio.o(i.sdio_stop_readwait_disable), (20 bytes).
    Removing gd32f30x_sdio.o(i.sdio_stop_readwait_enable), (20 bytes).
    Removing gd32f30x_sdio.o(i.sdio_suspend_disable), (20 bytes).
    Removing gd32f30x_sdio.o(i.sdio_suspend_enable), (20 bytes).
    Removing gd32f30x_sdio.o(i.sdio_wait_type_set), (28 bytes).
    Removing gd32f30x_spi.o(.rev16_text), (4 bytes).
    Removing gd32f30x_spi.o(.revsh_text), (4 bytes).
    Removing gd32f30x_spi.o(i.i2s_disable), (10 bytes).
    Removing gd32f30x_spi.o(i.i2s_enable), (10 bytes).
    Removing gd32f30x_spi.o(i.i2s_init), (28 bytes).
    Removing gd32f30x_spi.o(i.i2s_psc_config), (164 bytes).
    Removing gd32f30x_spi.o(i.qspi_disable), (14 bytes).
    Removing gd32f30x_spi.o(i.qspi_enable), (14 bytes).
    Removing gd32f30x_spi.o(i.qspi_io23_output_disable), (14 bytes).
    Removing gd32f30x_spi.o(i.qspi_io23_output_enable), (14 bytes).
    Removing gd32f30x_spi.o(i.qspi_read_enable), (14 bytes).
    Removing gd32f30x_spi.o(i.qspi_write_enable), (14 bytes).
    Removing gd32f30x_spi.o(i.spi_bidirectional_transfer_config), (26 bytes).
    Removing gd32f30x_spi.o(i.spi_crc_error_clear), (10 bytes).
    Removing gd32f30x_spi.o(i.spi_crc_get), (16 bytes).
    Removing gd32f30x_spi.o(i.spi_crc_next), (10 bytes).
    Removing gd32f30x_spi.o(i.spi_crc_off), (10 bytes).
    Removing gd32f30x_spi.o(i.spi_crc_on), (10 bytes).
    Removing gd32f30x_spi.o(i.spi_crc_polynomial_get), (8 bytes).
    Removing gd32f30x_spi.o(i.spi_crc_polynomial_set), (12 bytes).
    Removing gd32f30x_spi.o(i.spi_disable), (10 bytes).
    Removing gd32f30x_spi.o(i.spi_dma_disable), (22 bytes).
    Removing gd32f30x_spi.o(i.spi_dma_enable), (22 bytes).
    Removing gd32f30x_spi.o(i.spi_enable), (10 bytes).
    Removing gd32f30x_spi.o(i.spi_i2s_data_frame_format_config), (16 bytes).
    Removing gd32f30x_spi.o(i.spi_i2s_data_receive), (8 bytes).
    Removing gd32f30x_spi.o(i.spi_i2s_data_transmit), (4 bytes).
    Removing gd32f30x_spi.o(i.spi_i2s_deinit), (88 bytes).
    Removing gd32f30x_spi.o(i.spi_i2s_flag_get), (16 bytes).
    Removing gd32f30x_spi.o(i.spi_i2s_interrupt_disable), (48 bytes).
    Removing gd32f30x_spi.o(i.spi_i2s_interrupt_enable), (48 bytes).
    Removing gd32f30x_spi.o(i.spi_i2s_interrupt_flag_get), (112 bytes).
    Removing gd32f30x_spi.o(i.spi_init), (50 bytes).
    Removing gd32f30x_spi.o(i.spi_nss_internal_high), (10 bytes).
    Removing gd32f30x_spi.o(i.spi_nss_internal_low), (10 bytes).
    Removing gd32f30x_spi.o(i.spi_nss_output_disable), (10 bytes).
    Removing gd32f30x_spi.o(i.spi_nss_output_enable), (10 bytes).
    Removing gd32f30x_spi.o(i.spi_nssp_mode_disable), (10 bytes).
    Removing gd32f30x_spi.o(i.spi_nssp_mode_enable), (10 bytes).
    Removing gd32f30x_spi.o(i.spi_ti_mode_disable), (10 bytes).
    Removing gd32f30x_spi.o(i.spi_ti_mode_enable), (10 bytes).
    Removing gd32f30x_timer.o(.rev16_text), (4 bytes).
    Removing gd32f30x_timer.o(.revsh_text), (4 bytes).
    Removing gd32f30x_timer.o(i.timer_auto_reload_shadow_disable), (10 bytes).
    Removing gd32f30x_timer.o(i.timer_auto_reload_shadow_enable), (10 bytes).
    Removing gd32f30x_timer.o(i.timer_automatic_output_disable), (10 bytes).
    Removing gd32f30x_timer.o(i.timer_automatic_output_enable), (10 bytes).
    Removing gd32f30x_timer.o(i.timer_autoreload_value_config), (4 bytes).
    Removing gd32f30x_timer.o(i.timer_break_disable), (10 bytes).
    Removing gd32f30x_timer.o(i.timer_break_enable), (10 bytes).
    Removing gd32f30x_timer.o(i.timer_channel_capture_value_register_read), (42 bytes).
    Removing gd32f30x_timer.o(i.timer_channel_complementary_output_polarity_config), (70 bytes).
    Removing gd32f30x_timer.o(i.timer_channel_complementary_output_state_config), (70 bytes).
    Removing gd32f30x_timer.o(i.timer_channel_control_shadow_config), (24 bytes).
    Removing gd32f30x_timer.o(i.timer_channel_control_shadow_update_config), (26 bytes).
    Removing gd32f30x_timer.o(i.timer_channel_dma_request_source_select), (26 bytes).
    Removing gd32f30x_timer.o(i.timer_channel_input_capture_prescaler_config), (90 bytes).
    Removing gd32f30x_timer.o(i.timer_channel_output_clear_config), (90 bytes).
    Removing gd32f30x_timer.o(i.timer_channel_output_fast_config), (90 bytes).
    Removing gd32f30x_timer.o(i.timer_channel_output_polarity_config), (92 bytes).
    Removing gd32f30x_timer.o(i.timer_channel_output_state_config), (92 bytes).
    Removing gd32f30x_timer.o(i.timer_counter_alignment), (16 bytes).
    Removing gd32f30x_timer.o(i.timer_counter_down_direction), (10 bytes).
    Removing gd32f30x_timer.o(i.timer_counter_read), (8 bytes).
    Removing gd32f30x_timer.o(i.timer_counter_up_direction), (10 bytes).
    Removing gd32f30x_timer.o(i.timer_counter_value_config), (4 bytes).
    Removing gd32f30x_timer.o(i.timer_disable), (10 bytes).
    Removing gd32f30x_timer.o(i.timer_dma_disable), (8 bytes).
    Removing gd32f30x_timer.o(i.timer_dma_enable), (8 bytes).
    Removing gd32f30x_timer.o(i.timer_dma_transfer_config), (24 bytes).
    Removing gd32f30x_timer.o(i.timer_event_software_generate), (8 bytes).
    Removing gd32f30x_timer.o(i.timer_external_clock_mode0_config), (40 bytes).
    Removing gd32f30x_timer.o(i.timer_external_clock_mode1_config), (32 bytes).
    Removing gd32f30x_timer.o(i.timer_external_clock_mode1_disable), (10 bytes).
    Removing gd32f30x_timer.o(i.timer_external_trigger_as_external_clock_config), (164 bytes).
    Removing gd32f30x_timer.o(i.timer_external_trigger_config), (30 bytes).
    Removing gd32f30x_timer.o(i.timer_flag_clear), (8 bytes).
    Removing gd32f30x_timer.o(i.timer_flag_get), (16 bytes).
    Removing gd32f30x_timer.o(i.timer_hall_mode_config), (26 bytes).
    Removing gd32f30x_timer.o(i.timer_input_capture_config), (326 bytes).
    Removing gd32f30x_timer.o(i.timer_input_pwm_capture_config), (356 bytes).
    Removing gd32f30x_timer.o(i.timer_input_trigger_source_select), (16 bytes).
    Removing gd32f30x_timer.o(i.timer_internal_clock_config), (10 bytes).
    Removing gd32f30x_timer.o(i.timer_internal_trigger_as_external_clock_config), (32 bytes).
    Removing gd32f30x_timer.o(i.timer_interrupt_disable), (8 bytes).
    Removing gd32f30x_timer.o(i.timer_interrupt_enable), (8 bytes).
    Removing gd32f30x_timer.o(i.timer_interrupt_flag_clear), (8 bytes).
    Removing gd32f30x_timer.o(i.timer_interrupt_flag_get), (24 bytes).
    Removing gd32f30x_timer.o(i.timer_master_output_trigger_source_select), (16 bytes).
    Removing gd32f30x_timer.o(i.timer_master_slave_mode_config), (26 bytes).
    Removing gd32f30x_timer.o(i.timer_output_value_selection_config), (34 bytes).
    Removing gd32f30x_timer.o(i.timer_prescaler_config), (14 bytes).
    Removing gd32f30x_timer.o(i.timer_prescaler_read), (10 bytes).
    Removing gd32f30x_timer.o(i.timer_quadrature_decoder_mode_config), (64 bytes).
    Removing gd32f30x_timer.o(i.timer_repetition_value_config), (4 bytes).
    Removing gd32f30x_timer.o(i.timer_single_pulse_mode_config), (26 bytes).
    Removing gd32f30x_timer.o(i.timer_slave_mode_select), (16 bytes).
    Removing gd32f30x_timer.o(i.timer_update_event_disable), (10 bytes).
    Removing gd32f30x_timer.o(i.timer_update_event_enable), (10 bytes).
    Removing gd32f30x_timer.o(i.timer_update_source_config), (26 bytes).
    Removing gd32f30x_timer.o(i.timer_write_cc_register_config), (34 bytes).
    Removing gd32f30x_usart.o(.rev16_text), (4 bytes).
    Removing gd32f30x_usart.o(.revsh_text), (4 bytes).
    Removing gd32f30x_usart.o(i.usart_address_config), (20 bytes).
    Removing gd32f30x_usart.o(i.usart_baudrate_set), (148 bytes).
    Removing gd32f30x_usart.o(i.usart_block_length_config), (28 bytes).
    Removing gd32f30x_usart.o(i.usart_data_first_config), (20 bytes).
    Removing gd32f30x_usart.o(i.usart_data_transmit), (8 bytes).
    Removing gd32f30x_usart.o(i.usart_deinit), (144 bytes).
    Removing gd32f30x_usart.o(i.usart_disable), (10 bytes).
    Removing gd32f30x_usart.o(i.usart_dma_receive_config), (16 bytes).
    Removing gd32f30x_usart.o(i.usart_dma_transmit_config), (16 bytes).
    Removing gd32f30x_usart.o(i.usart_enable), (10 bytes).
    Removing gd32f30x_usart.o(i.usart_flag_clear), (26 bytes).
    Removing gd32f30x_usart.o(i.usart_flag_get), (30 bytes).
    Removing gd32f30x_usart.o(i.usart_guard_time_config), (24 bytes).
    Removing gd32f30x_usart.o(i.usart_halfduplex_disable), (10 bytes).
    Removing gd32f30x_usart.o(i.usart_halfduplex_enable), (10 bytes).
    Removing gd32f30x_usart.o(i.usart_hardware_flow_cts_config), (16 bytes).
    Removing gd32f30x_usart.o(i.usart_hardware_flow_rts_config), (16 bytes).
    Removing gd32f30x_usart.o(i.usart_interrupt_disable), (26 bytes).
    Removing gd32f30x_usart.o(i.usart_interrupt_enable), (26 bytes).
    Removing gd32f30x_usart.o(i.usart_interrupt_flag_clear), (26 bytes).
    Removing gd32f30x_usart.o(i.usart_invert_config), (104 bytes).
    Removing gd32f30x_usart.o(i.usart_irda_lowpower_config), (20 bytes).
    Removing gd32f30x_usart.o(i.usart_irda_mode_disable), (10 bytes).
    Removing gd32f30x_usart.o(i.usart_irda_mode_enable), (10 bytes).
    Removing gd32f30x_usart.o(i.usart_lin_break_dection_length_config), (20 bytes).
    Removing gd32f30x_usart.o(i.usart_lin_mode_disable), (10 bytes).
    Removing gd32f30x_usart.o(i.usart_lin_mode_enable), (10 bytes).
    Removing gd32f30x_usart.o(i.usart_mute_mode_disable), (10 bytes).
    Removing gd32f30x_usart.o(i.usart_mute_mode_enable), (10 bytes).
    Removing gd32f30x_usart.o(i.usart_mute_mode_wakeup_config), (16 bytes).
    Removing gd32f30x_usart.o(i.usart_parity_config), (16 bytes).
    Removing gd32f30x_usart.o(i.usart_prescaler_config), (16 bytes).
    Removing gd32f30x_usart.o(i.usart_receive_config), (16 bytes).
    Removing gd32f30x_usart.o(i.usart_receiver_timeout_disable), (14 bytes).
    Removing gd32f30x_usart.o(i.usart_receiver_timeout_enable), (14 bytes).
    Removing gd32f30x_usart.o(i.usart_receiver_timeout_threshold_config), (20 bytes).
    Removing gd32f30x_usart.o(i.usart_send_break), (10 bytes).
    Removing gd32f30x_usart.o(i.usart_smartcard_autoretry_config), (26 bytes).
    Removing gd32f30x_usart.o(i.usart_smartcard_mode_disable), (10 bytes).
    Removing gd32f30x_usart.o(i.usart_smartcard_mode_enable), (10 bytes).
    Removing gd32f30x_usart.o(i.usart_smartcard_mode_nack_disable), (10 bytes).
    Removing gd32f30x_usart.o(i.usart_smartcard_mode_nack_enable), (10 bytes).
    Removing gd32f30x_usart.o(i.usart_stop_bit_set), (16 bytes).
    Removing gd32f30x_usart.o(i.usart_synchronous_clock_config), (32 bytes).
    Removing gd32f30x_usart.o(i.usart_synchronous_clock_disable), (10 bytes).
    Removing gd32f30x_usart.o(i.usart_synchronous_clock_enable), (10 bytes).
    Removing gd32f30x_usart.o(i.usart_transmit_config), (16 bytes).
    Removing gd32f30x_usart.o(i.usart_word_length_set), (16 bytes).
    Removing gd32f30x_wwdgt.o(.rev16_text), (4 bytes).
    Removing gd32f30x_wwdgt.o(.revsh_text), (4 bytes).
    Removing gd32f30x_wwdgt.o(i.wwdgt_config), (56 bytes).
    Removing gd32f30x_wwdgt.o(i.wwdgt_counter_update), (28 bytes).
    Removing gd32f30x_wwdgt.o(i.wwdgt_deinit), (20 bytes).
    Removing gd32f30x_wwdgt.o(i.wwdgt_enable), (20 bytes).
    Removing gd32f30x_wwdgt.o(i.wwdgt_flag_clear), (20 bytes).
    Removing gd32f30x_wwdgt.o(i.wwdgt_flag_get), (24 bytes).
    Removing gd32f30x_wwdgt.o(i.wwdgt_interrupt_enable), (20 bytes).
    Removing startup_gd32f30x_hd.o(HEAP), (1024 bytes).
    Removing uart.o(.rev16_text), (4 bytes).
    Removing uart.o(.revsh_text), (4 bytes).
    Removing uart.o(i.fputc), (36 bytes).
    Removing uart.o(i.uart0_init), (116 bytes).
    Removing uart.o(i.uart0_send_byte), (32 bytes).
    Removing uart.o(i.uart0_send_data), (24 bytes).
    Removing uart.o(i.uart0_send_string), (24 bytes).
    Removing uart.o(i.uart2_init), (116 bytes).
    Removing spi.o(.rev16_text), (4 bytes).
    Removing spi.o(.revsh_text), (4 bytes).
    Removing spi.o(i.SPI2_Configuration), (144 bytes).

639 unused section(s) (total 29452 bytes) removed from the image.

==============================================================================

Image Symbol Table

    Local Symbols

    Symbol Name                              Value     Ov Type        Size  Object(Section)

    ../clib/microlib/division.c              0x00000000   Number         0  uldiv.o ABSOLUTE
    ../clib/microlib/init/entry.s            0x00000000   Number         0  entry8a.o ABSOLUTE
    ../clib/microlib/init/entry.s            0x00000000   Number         0  entry11b.o ABSOLUTE
    ../clib/microlib/init/entry.s            0x00000000   Number         0  entry11a.o ABSOLUTE
    ../clib/microlib/init/entry.s            0x00000000   Number         0  entry10b.o ABSOLUTE
    ../clib/microlib/init/entry.s            0x00000000   Number         0  entry9b.o ABSOLUTE
    ../clib/microlib/init/entry.s            0x00000000   Number         0  entry2.o ABSOLUTE
    ../clib/microlib/init/entry.s            0x00000000   Number         0  entry10a.o ABSOLUTE
    ../clib/microlib/init/entry.s            0x00000000   Number         0  entry5.o ABSOLUTE
    ../clib/microlib/init/entry.s            0x00000000   Number         0  entry9a.o ABSOLUTE
    ../clib/microlib/init/entry.s            0x00000000   Number         0  entry7b.o ABSOLUTE
    ../clib/microlib/init/entry.s            0x00000000   Number         0  entry8b.o ABSOLUTE
    ../clib/microlib/init/entry.s            0x00000000   Number         0  entry.o ABSOLUTE
    ../clib/microlib/init/entry.s            0x00000000   Number         0  entry7a.o ABSOLUTE
    ../clib/microlib/longlong.c              0x00000000   Number         0  llushr.o ABSOLUTE
    ../clib/microlib/longlong.c              0x00000000   Number         0  llshl.o ABSOLUTE
    ../clib/microlib/string/memcpy.c         0x00000000   Number         0  memcpya.o ABSOLUTE
    ../clib/microlib/string/memcpy.c         0x00000000   Number         0  memcpyb.o ABSOLUTE
    ../clib/microlib/string/memset.c         0x00000000   Number         0  memseta.o ABSOLUTE
    ..\GD32_SYSTEM\Firmware\CMSIS\GD\GD32F30x\Source\ARM\startup_gd32f30x_hd.s 0x00000000   Number         0  startup_gd32f30x_hd.o ABSOLUTE
    ..\GD32_SYSTEM\Firmware\CMSIS\GD\GD32F30x\Source\system_gd32f30x.c 0x00000000   Number         0  system_gd32f30x.o ABSOLUTE
    ..\GD32_SYSTEM\Firmware\GD32F30x_standard_peripheral\Source\gd32f30x_adc.c 0x00000000   Number         0  gd32f30x_adc.o ABSOLUTE
    ..\GD32_SYSTEM\Firmware\GD32F30x_standard_peripheral\Source\gd32f30x_bkp.c 0x00000000   Number         0  gd32f30x_bkp.o ABSOLUTE
    ..\GD32_SYSTEM\Firmware\GD32F30x_standard_peripheral\Source\gd32f30x_can.c 0x00000000   Number         0  gd32f30x_can.o ABSOLUTE
    ..\GD32_SYSTEM\Firmware\GD32F30x_standard_peripheral\Source\gd32f30x_crc.c 0x00000000   Number         0  gd32f30x_crc.o ABSOLUTE
    ..\GD32_SYSTEM\Firmware\GD32F30x_standard_peripheral\Source\gd32f30x_ctc.c 0x00000000   Number         0  gd32f30x_ctc.o ABSOLUTE
    ..\GD32_SYSTEM\Firmware\GD32F30x_standard_peripheral\Source\gd32f30x_dac.c 0x00000000   Number         0  gd32f30x_dac.o ABSOLUTE
    ..\GD32_SYSTEM\Firmware\GD32F30x_standard_peripheral\Source\gd32f30x_dbg.c 0x00000000   Number         0  gd32f30x_dbg.o ABSOLUTE
    ..\GD32_SYSTEM\Firmware\GD32F30x_standard_peripheral\Source\gd32f30x_dma.c 0x00000000   Number         0  gd32f30x_dma.o ABSOLUTE
    ..\GD32_SYSTEM\Firmware\GD32F30x_standard_peripheral\Source\gd32f30x_enet.c 0x00000000   Number         0  gd32f30x_enet.o ABSOLUTE
    ..\GD32_SYSTEM\Firmware\GD32F30x_standard_peripheral\Source\gd32f30x_exmc.c 0x00000000   Number         0  gd32f30x_exmc.o ABSOLUTE
    ..\GD32_SYSTEM\Firmware\GD32F30x_standard_peripheral\Source\gd32f30x_exti.c 0x00000000   Number         0  gd32f30x_exti.o ABSOLUTE
    ..\GD32_SYSTEM\Firmware\GD32F30x_standard_peripheral\Source\gd32f30x_fmc.c 0x00000000   Number         0  gd32f30x_fmc.o ABSOLUTE
    ..\GD32_SYSTEM\Firmware\GD32F30x_standard_peripheral\Source\gd32f30x_fwdgt.c 0x00000000   Number         0  gd32f30x_fwdgt.o ABSOLUTE
    ..\GD32_SYSTEM\Firmware\GD32F30x_standard_peripheral\Source\gd32f30x_gpio.c 0x00000000   Number         0  gd32f30x_gpio.o ABSOLUTE
    ..\GD32_SYSTEM\Firmware\GD32F30x_standard_peripheral\Source\gd32f30x_i2c.c 0x00000000   Number         0  gd32f30x_i2c.o ABSOLUTE
    ..\GD32_SYSTEM\Firmware\GD32F30x_standard_peripheral\Source\gd32f30x_misc.c 0x00000000   Number         0  gd32f30x_misc.o ABSOLUTE
    ..\GD32_SYSTEM\Firmware\GD32F30x_standard_peripheral\Source\gd32f30x_pmu.c 0x00000000   Number         0  gd32f30x_pmu.o ABSOLUTE
    ..\GD32_SYSTEM\Firmware\GD32F30x_standard_peripheral\Source\gd32f30x_rcu.c 0x00000000   Number         0  gd32f30x_rcu.o ABSOLUTE
    ..\GD32_SYSTEM\Firmware\GD32F30x_standard_peripheral\Source\gd32f30x_rtc.c 0x00000000   Number         0  gd32f30x_rtc.o ABSOLUTE
    ..\GD32_SYSTEM\Firmware\GD32F30x_standard_peripheral\Source\gd32f30x_sdio.c 0x00000000   Number         0  gd32f30x_sdio.o ABSOLUTE
    ..\GD32_SYSTEM\Firmware\GD32F30x_standard_peripheral\Source\gd32f30x_spi.c 0x00000000   Number         0  gd32f30x_spi.o ABSOLUTE
    ..\GD32_SYSTEM\Firmware\GD32F30x_standard_peripheral\Source\gd32f30x_timer.c 0x00000000   Number         0  gd32f30x_timer.o ABSOLUTE
    ..\GD32_SYSTEM\Firmware\GD32F30x_standard_peripheral\Source\gd32f30x_usart.c 0x00000000   Number         0  gd32f30x_usart.o ABSOLUTE
    ..\GD32_SYSTEM\Firmware\GD32F30x_standard_peripheral\Source\gd32f30x_wwdgt.c 0x00000000   Number         0  gd32f30x_wwdgt.o ABSOLUTE
    ..\HARDWARE\src\spi.c                    0x00000000   Number         0  spi.o ABSOLUTE
    ..\HARDWARE\src\timer.c                  0x00000000   Number         0  timer.o ABSOLUTE
    ..\HARDWARE\src\uart.c                   0x00000000   Number         0  uart.o ABSOLUTE
    ..\USER_APP\src\W5500.c                  0x00000000   Number         0  w5500.o ABSOLUTE
    ..\\GD32_SYSTEM\\Firmware\\CMSIS\\GD\\GD32F30x\\Source\\system_gd32f30x.c 0x00000000   Number         0  system_gd32f30x.o ABSOLUTE
    ..\\GD32_SYSTEM\\Firmware\\GD32F30x_standard_peripheral\\Source\\gd32f30x_adc.c 0x00000000   Number         0  gd32f30x_adc.o ABSOLUTE
    ..\\GD32_SYSTEM\\Firmware\\GD32F30x_standard_peripheral\\Source\\gd32f30x_bkp.c 0x00000000   Number         0  gd32f30x_bkp.o ABSOLUTE
    ..\\GD32_SYSTEM\\Firmware\\GD32F30x_standard_peripheral\\Source\\gd32f30x_can.c 0x00000000   Number         0  gd32f30x_can.o ABSOLUTE
    ..\\GD32_SYSTEM\\Firmware\\GD32F30x_standard_peripheral\\Source\\gd32f30x_crc.c 0x00000000   Number         0  gd32f30x_crc.o ABSOLUTE
    ..\\GD32_SYSTEM\\Firmware\\GD32F30x_standard_peripheral\\Source\\gd32f30x_ctc.c 0x00000000   Number         0  gd32f30x_ctc.o ABSOLUTE
    ..\\GD32_SYSTEM\\Firmware\\GD32F30x_standard_peripheral\\Source\\gd32f30x_dac.c 0x00000000   Number         0  gd32f30x_dac.o ABSOLUTE
    ..\\GD32_SYSTEM\\Firmware\\GD32F30x_standard_peripheral\\Source\\gd32f30x_dbg.c 0x00000000   Number         0  gd32f30x_dbg.o ABSOLUTE
    ..\\GD32_SYSTEM\\Firmware\\GD32F30x_standard_peripheral\\Source\\gd32f30x_dma.c 0x00000000   Number         0  gd32f30x_dma.o ABSOLUTE
    ..\\GD32_SYSTEM\\Firmware\\GD32F30x_standard_peripheral\\Source\\gd32f30x_enet.c 0x00000000   Number         0  gd32f30x_enet.o ABSOLUTE
    ..\\GD32_SYSTEM\\Firmware\\GD32F30x_standard_peripheral\\Source\\gd32f30x_exmc.c 0x00000000   Number         0  gd32f30x_exmc.o ABSOLUTE
    ..\\GD32_SYSTEM\\Firmware\\GD32F30x_standard_peripheral\\Source\\gd32f30x_exti.c 0x00000000   Number         0  gd32f30x_exti.o ABSOLUTE
    ..\\GD32_SYSTEM\\Firmware\\GD32F30x_standard_peripheral\\Source\\gd32f30x_fmc.c 0x00000000   Number         0  gd32f30x_fmc.o ABSOLUTE
    ..\\GD32_SYSTEM\\Firmware\\GD32F30x_standard_peripheral\\Source\\gd32f30x_fwdgt.c 0x00000000   Number         0  gd32f30x_fwdgt.o ABSOLUTE
    ..\\GD32_SYSTEM\\Firmware\\GD32F30x_standard_peripheral\\Source\\gd32f30x_gpio.c 0x00000000   Number         0  gd32f30x_gpio.o ABSOLUTE
    ..\\GD32_SYSTEM\\Firmware\\GD32F30x_standard_peripheral\\Source\\gd32f30x_i2c.c 0x00000000   Number         0  gd32f30x_i2c.o ABSOLUTE
    ..\\GD32_SYSTEM\\Firmware\\GD32F30x_standard_peripheral\\Source\\gd32f30x_misc.c 0x00000000   Number         0  gd32f30x_misc.o ABSOLUTE
    ..\\GD32_SYSTEM\\Firmware\\GD32F30x_standard_peripheral\\Source\\gd32f30x_pmu.c 0x00000000   Number         0  gd32f30x_pmu.o ABSOLUTE
    ..\\GD32_SYSTEM\\Firmware\\GD32F30x_standard_peripheral\\Source\\gd32f30x_rcu.c 0x00000000   Number         0  gd32f30x_rcu.o ABSOLUTE
    ..\\GD32_SYSTEM\\Firmware\\GD32F30x_standard_peripheral\\Source\\gd32f30x_rtc.c 0x00000000   Number         0  gd32f30x_rtc.o ABSOLUTE
    ..\\GD32_SYSTEM\\Firmware\\GD32F30x_standard_peripheral\\Source\\gd32f30x_sdio.c 0x00000000   Number         0  gd32f30x_sdio.o ABSOLUTE
    ..\\GD32_SYSTEM\\Firmware\\GD32F30x_standard_peripheral\\Source\\gd32f30x_spi.c 0x00000000   Number         0  gd32f30x_spi.o ABSOLUTE
    ..\\GD32_SYSTEM\\Firmware\\GD32F30x_standard_peripheral\\Source\\gd32f30x_timer.c 0x00000000   Number         0  gd32f30x_timer.o ABSOLUTE
    ..\\GD32_SYSTEM\\Firmware\\GD32F30x_standard_peripheral\\Source\\gd32f30x_usart.c 0x00000000   Number         0  gd32f30x_usart.o ABSOLUTE
    ..\\GD32_SYSTEM\\Firmware\\GD32F30x_standard_peripheral\\Source\\gd32f30x_wwdgt.c 0x00000000   Number         0  gd32f30x_wwdgt.o ABSOLUTE
    ..\\HARDWARE\\src\\spi.c                 0x00000000   Number         0  spi.o ABSOLUTE
    ..\\HARDWARE\\src\\uart.c                0x00000000   Number         0  uart.o ABSOLUTE
    ..\\USER_APP\\src\\W5500.c               0x00000000   Number         0  w5500.o ABSOLUTE
    bsp_SysTicks.c                           0x00000000   Number         0  bsp_systicks.o ABSOLUTE
    bsp_SysTicks.c                           0x00000000   Number         0  bsp_systicks.o ABSOLUTE
    dc.s                                     0x00000000   Number         0  dc.o ABSOLUTE
    gd32f30x_it.c                            0x00000000   Number         0  gd32f30x_it.o ABSOLUTE
    gd32f30x_it.c                            0x00000000   Number         0  gd32f30x_it.o ABSOLUTE
    handlers.s                               0x00000000   Number         0  handlers.o ABSOLUTE
    init.s                                   0x00000000   Number         0  init.o ABSOLUTE
    main.c                                   0x00000000   Number         0  main.o ABSOLUTE
    main.c                                   0x00000000   Number         0  main.o ABSOLUTE
    RESET                                    0x08000000   Section      304  startup_gd32f30x_hd.o(RESET)
    .ARM.Collect$$$$00000000                 0x08000130   Section        0  entry.o(.ARM.Collect$$$$00000000)
    .ARM.Collect$$$$00000001                 0x08000130   Section        4  entry2.o(.ARM.Collect$$$$00000001)
    .ARM.Collect$$$$00000004                 0x08000134   Section        4  entry5.o(.ARM.Collect$$$$00000004)
    .ARM.Collect$$$$00000008                 0x08000138   Section        0  entry7b.o(.ARM.Collect$$$$00000008)
    .ARM.Collect$$$$0000000A                 0x08000138   Section        0  entry8b.o(.ARM.Collect$$$$0000000A)
    .ARM.Collect$$$$0000000B                 0x08000138   Section        8  entry9a.o(.ARM.Collect$$$$0000000B)
    .ARM.Collect$$$$0000000D                 0x08000140   Section        0  entry10a.o(.ARM.Collect$$$$0000000D)
    .ARM.Collect$$$$0000000F                 0x08000140   Section        0  entry11a.o(.ARM.Collect$$$$0000000F)
    .ARM.Collect$$$$00002712                 0x08000140   Section        4  entry2.o(.ARM.Collect$$$$00002712)
    __lit__00000000                          0x08000140   Data           4  entry2.o(.ARM.Collect$$$$00002712)
    .text                                    0x08000144   Section       36  startup_gd32f30x_hd.o(.text)
    $v0                                      0x08000144   Number         0  startup_gd32f30x_hd.o(.text)
    .text                                    0x08000168   Section        0  uldiv.o(.text)
    .text                                    0x080001ca   Section        0  memseta.o(.text)
    .text                                    0x080001ee   Section        0  llshl.o(.text)
    .text                                    0x0800020c   Section        0  llushr.o(.text)
    .text                                    0x0800022c   Section       36  init.o(.text)
    i.BusFault_Handler                       0x08000250   Section        0  gd32f30x_it.o(i.BusFault_Handler)
    i.DebugMon_Handler                       0x08000254   Section        0  gd32f30x_it.o(i.DebugMon_Handler)
    i.EXTI0_IRQHandler                       0x08000258   Section        0  w5500.o(i.EXTI0_IRQHandler)
    i.HardFault_Handler                      0x08000274   Section        0  gd32f30x_it.o(i.HardFault_Handler)
    i.MemManage_Handler                      0x08000278   Section        0  gd32f30x_it.o(i.MemManage_Handler)
    i.NMI_Handler                            0x0800027c   Section        0  gd32f30x_it.o(i.NMI_Handler)
    i.PendSV_Handler                         0x0800027e   Section        0  gd32f30x_it.o(i.PendSV_Handler)
    i.SVC_Handler                            0x08000280   Section        0  gd32f30x_it.o(i.SVC_Handler)
    i.SysTick_Handler                        0x08000282   Section        0  gd32f30x_it.o(i.SysTick_Handler)
    i.SystemInit                             0x08000284   Section        0  system_gd32f30x.o(i.SystemInit)
    i.USART0_IRQHandler                      0x080002d4   Section        0  uart.o(i.USART0_IRQHandler)
    i.UsageFault_Handler                     0x08000314   Section        0  gd32f30x_it.o(i.UsageFault_Handler)
    i.__scatterload_copy                     0x08000318   Section       14  handlers.o(i.__scatterload_copy)
    i.__scatterload_null                     0x08000326   Section        2  handlers.o(i.__scatterload_null)
    i.__scatterload_zeroinit                 0x08000328   Section       14  handlers.o(i.__scatterload_zeroinit)
    i.adc_calibration_enable                 0x08000336   Section        0  gd32f30x_adc.o(i.adc_calibration_enable)
    i.adc_channel_length_config              0x08000360   Section        0  gd32f30x_adc.o(i.adc_channel_length_config)
    i.adc_config                             0x080003a8   Section        0  main.o(i.adc_config)
    adc_config                               0x080003a9   Thumb Code   100  main.o(i.adc_config)
    i.adc_data_alignment_config              0x08000410   Section        0  gd32f30x_adc.o(i.adc_data_alignment_config)
    i.adc_deinit                             0x08000428   Section        0  gd32f30x_adc.o(i.adc_deinit)
    i.adc_enable                             0x08000480   Section        0  gd32f30x_adc.o(i.adc_enable)
    i.adc_external_trigger_config            0x08000492   Section        0  gd32f30x_adc.o(i.adc_external_trigger_config)
    i.adc_external_trigger_source_config     0x080004d0   Section        0  gd32f30x_adc.o(i.adc_external_trigger_source_config)
    i.adc_flag_clear                         0x08000500   Section        0  gd32f30x_adc.o(i.adc_flag_clear)
    i.adc_flag_get                           0x08000508   Section        0  gd32f30x_adc.o(i.adc_flag_get)
    i.adc_mode_config                        0x08000518   Section        0  gd32f30x_adc.o(i.adc_mode_config)
    i.adc_read_vbus_raw                      0x08000534   Section        0  main.o(i.adc_read_vbus_raw)
    adc_read_vbus_raw                        0x08000535   Thumb Code    40  main.o(i.adc_read_vbus_raw)
    i.adc_regular_channel_config             0x08000560   Section        0  gd32f30x_adc.o(i.adc_regular_channel_config)
    i.adc_regular_data_read                  0x0800060c   Section        0  gd32f30x_adc.o(i.adc_regular_data_read)
    i.adc_software_trigger_enable            0x08000614   Section        0  gd32f30x_adc.o(i.adc_software_trigger_enable)
    i.clock_config                           0x08000634   Section        0  main.o(i.clock_config)
    clock_config                             0x08000635   Thumb Code    74  main.o(i.clock_config)
    i.delay_ms                               0x0800068c   Section        0  main.o(i.delay_ms)
    delay_ms                                 0x0800068d   Thumb Code    32  main.o(i.delay_ms)
    i.exti_interrupt_flag_clear              0x080006ac   Section        0  gd32f30x_exti.o(i.exti_interrupt_flag_clear)
    i.exti_interrupt_flag_get                0x080006b8   Section        0  gd32f30x_exti.o(i.exti_interrupt_flag_get)
    i.gpio_bit_reset                         0x080006dc   Section        0  gd32f30x_gpio.o(i.gpio_bit_reset)
    i.gpio_bit_set                           0x080006e0   Section        0  gd32f30x_gpio.o(i.gpio_bit_set)
    i.gpio_config                            0x080006e4   Section        0  main.o(i.gpio_config)
    gpio_config                              0x080006e5   Thumb Code   152  main.o(i.gpio_config)
    i.gpio_init                              0x08000788   Section        0  gd32f30x_gpio.o(i.gpio_init)
    i.main                                   0x0800082c   Section        0  main.o(i.main)
    i.rcu_adc_clock_config                   0x080009b0   Section        0  gd32f30x_rcu.o(i.rcu_adc_clock_config)
    i.rcu_ahb_clock_config                   0x08000a1c   Section        0  gd32f30x_rcu.o(i.rcu_ahb_clock_config)
    i.rcu_apb1_clock_config                  0x08000a34   Section        0  gd32f30x_rcu.o(i.rcu_apb1_clock_config)
    i.rcu_apb2_clock_config                  0x08000a4c   Section        0  gd32f30x_rcu.o(i.rcu_apb2_clock_config)
    i.rcu_flag_get                           0x08000a64   Section        0  gd32f30x_rcu.o(i.rcu_flag_get)
    i.rcu_osci_on                            0x08000a88   Section        0  gd32f30x_rcu.o(i.rcu_osci_on)
    i.rcu_osci_stab_wait                     0x08000aa8   Section        0  gd32f30x_rcu.o(i.rcu_osci_stab_wait)
    i.rcu_periph_clock_enable                0x08000bb8   Section        0  gd32f30x_rcu.o(i.rcu_periph_clock_enable)
    i.rcu_periph_reset_disable               0x08000bd8   Section        0  gd32f30x_rcu.o(i.rcu_periph_reset_disable)
    i.rcu_periph_reset_enable                0x08000bf8   Section        0  gd32f30x_rcu.o(i.rcu_periph_reset_enable)
    i.rcu_pll_config                         0x08000c18   Section        0  gd32f30x_rcu.o(i.rcu_pll_config)
    i.rcu_system_clock_source_config         0x08000c38   Section        0  gd32f30x_rcu.o(i.rcu_system_clock_source_config)
    i.rcu_system_clock_source_get            0x08000c50   Section        0  gd32f30x_rcu.o(i.rcu_system_clock_source_get)
    i.system_clock_72m_hxtal                 0x08000c60   Section        0  system_gd32f30x.o(i.system_clock_72m_hxtal)
    system_clock_72m_hxtal                   0x08000c61   Thumb Code   256  system_gd32f30x.o(i.system_clock_72m_hxtal)
    i.system_clock_config                    0x08000d70   Section        0  system_gd32f30x.o(i.system_clock_config)
    system_clock_config                      0x08000d71   Thumb Code     8  system_gd32f30x.o(i.system_clock_config)
    i.systick_clksource_set                  0x08000d78   Section        0  gd32f30x_misc.o(i.systick_clksource_set)
    i.systick_delay_config                   0x08000da0   Section        0  bsp_systicks.o(i.systick_delay_config)
    i.timer0_pwm_fullbridge_init             0x08000de4   Section        0  main.o(i.timer0_pwm_fullbridge_init)
    timer0_pwm_fullbridge_init               0x08000de5   Thumb Code   350  main.o(i.timer0_pwm_fullbridge_init)
    i.timer_break_config                     0x08000f50   Section        0  gd32f30x_timer.o(i.timer_break_config)
    i.timer_channel_output_config            0x08000f70   Section        0  gd32f30x_timer.o(i.timer_channel_output_config)
    i.timer_channel_output_mode_config       0x0800115c   Section        0  gd32f30x_timer.o(i.timer_channel_output_mode_config)
    i.timer_channel_output_pulse_value_config 0x080011b6   Section        0  gd32f30x_timer.o(i.timer_channel_output_pulse_value_config)
    i.timer_channel_output_shadow_config     0x080011dc   Section        0  gd32f30x_timer.o(i.timer_channel_output_shadow_config)
    i.timer_deinit                           0x08001238   Section        0  gd32f30x_timer.o(i.timer_deinit)
    i.timer_enable                           0x08001314   Section        0  gd32f30x_timer.o(i.timer_enable)
    i.timer_init                             0x08001320   Section        0  gd32f30x_timer.o(i.timer_init)
    i.timer_primary_output_config            0x080013b8   Section        0  gd32f30x_timer.o(i.timer_primary_output_config)
    i.usart_data_receive                     0x080013d0   Section        0  gd32f30x_usart.o(i.usart_data_receive)
    i.usart_interrupt_flag_get               0x080013da   Section        0  gd32f30x_usart.o(i.usart_interrupt_flag_get)
    i.vbus_read_volts                        0x08001414   Section        0  main.o(i.vbus_read_volts)
    vbus_read_volts                          0x08001415   Thumb Code    52  main.o(i.vbus_read_volts)
    .data                                    0x20000000   Section        4  bsp_systicks.o(.data)
    fac_us                                   0x20000000   Data           1  bsp_systicks.o(.data)
    fac_ms                                   0x20000002   Data           2  bsp_systicks.o(.data)
    .data                                    0x20000004   Section        8  main.o(.data)
    g_state                                  0x20000004   Data           1  main.o(.data)
    g_duty                                   0x20000008   Data           4  main.o(.data)
    .data                                    0x2000000c   Section       36  w5500.o(.data)
    .data                                    0x20000030   Section        4  system_gd32f30x.o(.data)
    .data                                    0x20000034   Section        1  uart.o(.data)
    uart0_rcev_index                         0x20000034   Data           1  uart.o(.data)
    .bss                                     0x20000038   Section      100  uart.o(.bss)
    uart0_rcev_buff                          0x20000038   Data         100  uart.o(.bss)
    STACK                                    0x200000a0   Section     1024  startup_gd32f30x_hd.o(STACK)

    Global Symbols

    Symbol Name                              Value     Ov Type        Size  Object(Section)

    BuildAttributes$$THM_ISAv4$E$P$D$K$B$S$7EM$VFPi3$EXTD16$VFPS$VFMA$PE$A:L22UL41UL21$X:L11$S22US41US21$IEEE1$IW$USESV6$~STKCKD$USESV7$~SHL$OSPACE$EBA8$MICROLIB$REQ8$PRES8$EABIv2 0x00000000   Number         0  anon$$obj.o ABSOLUTE
    __ARM_use_no_argv                        0x00000000   Number         0  main.o ABSOLUTE
    __cpp_initialize__aeabi_                  - Undefined Weak Reference
    __cxa_finalize                            - Undefined Weak Reference
    __decompress                              - Undefined Weak Reference
    _clock_init                               - Undefined Weak Reference
    _microlib_exit                            - Undefined Weak Reference
    __Vectors_Size                           0x00000130   Number         0  startup_gd32f30x_hd.o ABSOLUTE
    __Vectors                                0x08000000   Data           4  startup_gd32f30x_hd.o(RESET)
    __Vectors_End                            0x08000130   Data           0  startup_gd32f30x_hd.o(RESET)
    __main                                   0x08000131   Thumb Code     0  entry.o(.ARM.Collect$$$$00000000)
    _main_stk                                0x08000131   Thumb Code     0  entry2.o(.ARM.Collect$$$$00000001)
    _main_scatterload                        0x08000135   Thumb Code     0  entry5.o(.ARM.Collect$$$$00000004)
    __main_after_scatterload                 0x08000139   Thumb Code     0  entry5.o(.ARM.Collect$$$$00000004)
    _main_clock                              0x08000139   Thumb Code     0  entry7b.o(.ARM.Collect$$$$00000008)
    _main_cpp_init                           0x08000139   Thumb Code     0  entry8b.o(.ARM.Collect$$$$0000000A)
    _main_init                               0x08000139   Thumb Code     0  entry9a.o(.ARM.Collect$$$$0000000B)
    __rt_final_cpp                           0x08000141   Thumb Code     0  entry10a.o(.ARM.Collect$$$$0000000D)
    __rt_final_exit                          0x08000141   Thumb Code     0  entry11a.o(.ARM.Collect$$$$0000000F)
    Reset_Handler                            0x08000145   Thumb Code     8  startup_gd32f30x_hd.o(.text)
    ADC0_1_IRQHandler                        0x0800015f   Thumb Code     0  startup_gd32f30x_hd.o(.text)
    ADC2_IRQHandler                          0x0800015f   Thumb Code     0  startup_gd32f30x_hd.o(.text)
    CAN0_EWMC_IRQHandler                     0x0800015f   Thumb Code     0  startup_gd32f30x_hd.o(.text)
    CAN0_RX1_IRQHandler                      0x0800015f   Thumb Code     0  startup_gd32f30x_hd.o(.text)
    DMA0_Channel0_IRQHandler                 0x0800015f   Thumb Code     0  startup_gd32f30x_hd.o(.text)
    DMA0_Channel1_IRQHandler                 0x0800015f   Thumb Code     0  startup_gd32f30x_hd.o(.text)
    DMA0_Channel2_IRQHandler                 0x0800015f   Thumb Code     0  startup_gd32f30x_hd.o(.text)
    DMA0_Channel3_IRQHandler                 0x0800015f   Thumb Code     0  startup_gd32f30x_hd.o(.text)
    DMA0_Channel4_IRQHandler                 0x0800015f   Thumb Code     0  startup_gd32f30x_hd.o(.text)
    DMA0_Channel5_IRQHandler                 0x0800015f   Thumb Code     0  startup_gd32f30x_hd.o(.text)
    DMA0_Channel6_IRQHandler                 0x0800015f   Thumb Code     0  startup_gd32f30x_hd.o(.text)
    DMA1_Channel0_IRQHandler                 0x0800015f   Thumb Code     0  startup_gd32f30x_hd.o(.text)
    DMA1_Channel1_IRQHandler                 0x0800015f   Thumb Code     0  startup_gd32f30x_hd.o(.text)
    DMA1_Channel2_IRQHandler                 0x0800015f   Thumb Code     0  startup_gd32f30x_hd.o(.text)
    DMA1_Channel3_4_IRQHandler               0x0800015f   Thumb Code     0  startup_gd32f30x_hd.o(.text)
    EXMC_IRQHandler                          0x0800015f   Thumb Code     0  startup_gd32f30x_hd.o(.text)
    EXTI10_15_IRQHandler                     0x0800015f   Thumb Code     0  startup_gd32f30x_hd.o(.text)
    EXTI1_IRQHandler                         0x0800015f   Thumb Code     0  startup_gd32f30x_hd.o(.text)
    EXTI2_IRQHandler                         0x0800015f   Thumb Code     0  startup_gd32f30x_hd.o(.text)
    EXTI3_IRQHandler                         0x0800015f   Thumb Code     0  startup_gd32f30x_hd.o(.text)
    EXTI4_IRQHandler                         0x0800015f   Thumb Code     0  startup_gd32f30x_hd.o(.text)
    EXTI5_9_IRQHandler                       0x0800015f   Thumb Code     0  startup_gd32f30x_hd.o(.text)
    FMC_IRQHandler                           0x0800015f   Thumb Code     0  startup_gd32f30x_hd.o(.text)
    I2C0_ER_IRQHandler                       0x0800015f   Thumb Code     0  startup_gd32f30x_hd.o(.text)
    I2C0_EV_IRQHandler                       0x0800015f   Thumb Code     0  startup_gd32f30x_hd.o(.text)
    I2C1_ER_IRQHandler                       0x0800015f   Thumb Code     0  startup_gd32f30x_hd.o(.text)
    I2C1_EV_IRQHandler                       0x0800015f   Thumb Code     0  startup_gd32f30x_hd.o(.text)
    LVD_IRQHandler                           0x0800015f   Thumb Code     0  startup_gd32f30x_hd.o(.text)
    RCU_CTC_IRQHandler                       0x0800015f   Thumb Code     0  startup_gd32f30x_hd.o(.text)
    RTC_Alarm_IRQHandler                     0x0800015f   Thumb Code     0  startup_gd32f30x_hd.o(.text)
    RTC_IRQHandler                           0x0800015f   Thumb Code     0  startup_gd32f30x_hd.o(.text)
    SDIO_IRQHandler                          0x0800015f   Thumb Code     0  startup_gd32f30x_hd.o(.text)
    SPI0_IRQHandler                          0x0800015f   Thumb Code     0  startup_gd32f30x_hd.o(.text)
    SPI1_IRQHandler                          0x0800015f   Thumb Code     0  startup_gd32f30x_hd.o(.text)
    SPI2_IRQHandler                          0x0800015f   Thumb Code     0  startup_gd32f30x_hd.o(.text)
    TAMPER_IRQHandler                        0x0800015f   Thumb Code     0  startup_gd32f30x_hd.o(.text)
    TIMER0_BRK_IRQHandler                    0x0800015f   Thumb Code     0  startup_gd32f30x_hd.o(.text)
    TIMER0_Channel_IRQHandler                0x0800015f   Thumb Code     0  startup_gd32f30x_hd.o(.text)
    TIMER0_TRG_CMT_IRQHandler                0x0800015f   Thumb Code     0  startup_gd32f30x_hd.o(.text)
    TIMER0_UP_IRQHandler                     0x0800015f   Thumb Code     0  startup_gd32f30x_hd.o(.text)
    TIMER1_IRQHandler                        0x0800015f   Thumb Code     0  startup_gd32f30x_hd.o(.text)
    TIMER2_IRQHandler                        0x0800015f   Thumb Code     0  startup_gd32f30x_hd.o(.text)
    TIMER3_IRQHandler                        0x0800015f   Thumb Code     0  startup_gd32f30x_hd.o(.text)
    TIMER4_IRQHandler                        0x0800015f   Thumb Code     0  startup_gd32f30x_hd.o(.text)
    TIMER5_IRQHandler                        0x0800015f   Thumb Code     0  startup_gd32f30x_hd.o(.text)
    TIMER6_IRQHandler                        0x0800015f   Thumb Code     0  startup_gd32f30x_hd.o(.text)
    TIMER7_BRK_IRQHandler                    0x0800015f   Thumb Code     0  startup_gd32f30x_hd.o(.text)
    TIMER7_Channel_IRQHandler                0x0800015f   Thumb Code     0  startup_gd32f30x_hd.o(.text)
    TIMER7_TRG_CMT_IRQHandler                0x0800015f   Thumb Code     0  startup_gd32f30x_hd.o(.text)
    TIMER7_UP_IRQHandler                     0x0800015f   Thumb Code     0  startup_gd32f30x_hd.o(.text)
    UART3_IRQHandler                         0x0800015f   Thumb Code     0  startup_gd32f30x_hd.o(.text)
    UART4_IRQHandler                         0x0800015f   Thumb Code     0  startup_gd32f30x_hd.o(.text)
    USART1_IRQHandler                        0x0800015f   Thumb Code     0  startup_gd32f30x_hd.o(.text)
    USART2_IRQHandler                        0x0800015f   Thumb Code     0  startup_gd32f30x_hd.o(.text)
    USBD_HP_CAN0_TX_IRQHandler               0x0800015f   Thumb Code     0  startup_gd32f30x_hd.o(.text)
    USBD_LP_CAN0_RX0_IRQHandler              0x0800015f   Thumb Code     0  startup_gd32f30x_hd.o(.text)
    USBD_WKUP_IRQHandler                     0x0800015f   Thumb Code     0  startup_gd32f30x_hd.o(.text)
    WWDGT_IRQHandler                         0x0800015f   Thumb Code     0  startup_gd32f30x_hd.o(.text)
    __aeabi_uldivmod                         0x08000169   Thumb Code    98  uldiv.o(.text)
    __aeabi_memset                           0x080001cb   Thumb Code    14  memseta.o(.text)
    __aeabi_memset4                          0x080001cb   Thumb Code     0  memseta.o(.text)
    __aeabi_memset8                          0x080001cb   Thumb Code     0  memseta.o(.text)
    __aeabi_memclr                           0x080001d9   Thumb Code     4  memseta.o(.text)
    __aeabi_memclr4                          0x080001d9   Thumb Code     0  memseta.o(.text)
    __aeabi_memclr8                          0x080001d9   Thumb Code     0  memseta.o(.text)
    _memset$wrapper                          0x080001dd   Thumb Code    18  memseta.o(.text)
    __aeabi_llsl                             0x080001ef   Thumb Code    30  llshl.o(.text)
    _ll_shift_l                              0x080001ef   Thumb Code     0  llshl.o(.text)
    __aeabi_llsr                             0x0800020d   Thumb Code    32  llushr.o(.text)
    _ll_ushift_r                             0x0800020d   Thumb Code     0  llushr.o(.text)
    __scatterload                            0x0800022d   Thumb Code    28  init.o(.text)
    __scatterload_rt2                        0x0800022d   Thumb Code     0  init.o(.text)
    BusFault_Handler                         0x08000251   Thumb Code     4  gd32f30x_it.o(i.BusFault_Handler)
    DebugMon_Handler                         0x08000255   Thumb Code     2  gd32f30x_it.o(i.DebugMon_Handler)
    EXTI0_IRQHandler                         0x08000259   Thumb Code    24  w5500.o(i.EXTI0_IRQHandler)
    HardFault_Handler                        0x08000275   Thumb Code     4  gd32f30x_it.o(i.HardFault_Handler)
    MemManage_Handler                        0x08000279   Thumb Code     4  gd32f30x_it.o(i.MemManage_Handler)
    NMI_Handler                              0x0800027d   Thumb Code     2  gd32f30x_it.o(i.NMI_Handler)
    PendSV_Handler                           0x0800027f   Thumb Code     2  gd32f30x_it.o(i.PendSV_Handler)
    SVC_Handler                              0x08000281   Thumb Code     2  gd32f30x_it.o(i.SVC_Handler)
    SysTick_Handler                          0x08000283   Thumb Code     2  gd32f30x_it.o(i.SysTick_Handler)
    SystemInit                               0x08000285   Thumb Code    66  system_gd32f30x.o(i.SystemInit)
    USART0_IRQHandler                        0x080002d5   Thumb Code    48  uart.o(i.USART0_IRQHandler)
    UsageFault_Handler                       0x08000315   Thumb Code     4  gd32f30x_it.o(i.UsageFault_Handler)
    __scatterload_copy                       0x08000319   Thumb Code    14  handlers.o(i.__scatterload_copy)
    __scatterload_null                       0x08000327   Thumb Code     2  handlers.o(i.__scatterload_null)
    __scatterload_zeroinit                   0x08000329   Thumb Code    14  handlers.o(i.__scatterload_zeroinit)
    adc_calibration_enable                   0x08000337   Thumb Code    42  gd32f30x_adc.o(i.adc_calibration_enable)
    adc_channel_length_config                0x08000361   Thumb Code    70  gd32f30x_adc.o(i.adc_channel_length_config)
    adc_data_alignment_config                0x08000411   Thumb Code    22  gd32f30x_adc.o(i.adc_data_alignment_config)
    adc_deinit                               0x08000429   Thumb Code    84  gd32f30x_adc.o(i.adc_deinit)
    adc_enable                               0x08000481   Thumb Code    18  gd32f30x_adc.o(i.adc_enable)
    adc_external_trigger_config              0x08000493   Thumb Code    62  gd32f30x_adc.o(i.adc_external_trigger_config)
    adc_external_trigger_source_config       0x080004d1   Thumb Code    48  gd32f30x_adc.o(i.adc_external_trigger_source_config)
    adc_flag_clear                           0x08000501   Thumb Code     8  gd32f30x_adc.o(i.adc_flag_clear)
    adc_flag_get                             0x08000509   Thumb Code    14  gd32f30x_adc.o(i.adc_flag_get)
    adc_mode_config                          0x08000519   Thumb Code    22  gd32f30x_adc.o(i.adc_mode_config)
    adc_regular_channel_config               0x08000561   Thumb Code   172  gd32f30x_adc.o(i.adc_regular_channel_config)
    adc_regular_data_read                    0x0800060d   Thumb Code     8  gd32f30x_adc.o(i.adc_regular_data_read)
    adc_software_trigger_enable              0x08000615   Thumb Code    30  gd32f30x_adc.o(i.adc_software_trigger_enable)
    exti_interrupt_flag_clear                0x080006ad   Thumb Code     6  gd32f30x_exti.o(i.exti_interrupt_flag_clear)
    exti_interrupt_flag_get                  0x080006b9   Thumb Code    32  gd32f30x_exti.o(i.exti_interrupt_flag_get)
    gpio_bit_reset                           0x080006dd   Thumb Code     4  gd32f30x_gpio.o(i.gpio_bit_reset)
    gpio_bit_set                             0x080006e1   Thumb Code     4  gd32f30x_gpio.o(i.gpio_bit_set)
    gpio_init                                0x08000789   Thumb Code   164  gd32f30x_gpio.o(i.gpio_init)
    main                                     0x0800082d   Thumb Code   340  main.o(i.main)
    rcu_adc_clock_config                     0x080009b1   Thumb Code    98  gd32f30x_rcu.o(i.rcu_adc_clock_config)
    rcu_ahb_clock_config                     0x08000a1d   Thumb Code    18  gd32f30x_rcu.o(i.rcu_ahb_clock_config)
    rcu_apb1_clock_config                    0x08000a35   Thumb Code    18  gd32f30x_rcu.o(i.rcu_apb1_clock_config)
    rcu_apb2_clock_config                    0x08000a4d   Thumb Code    18  gd32f30x_rcu.o(i.rcu_apb2_clock_config)
    rcu_flag_get                             0x08000a65   Thumb Code    30  gd32f30x_rcu.o(i.rcu_flag_get)
    rcu_osci_on                              0x08000a89   Thumb Code    28  gd32f30x_rcu.o(i.rcu_osci_on)
    rcu_osci_stab_wait                       0x08000aa9   Thumb Code   266  gd32f30x_rcu.o(i.rcu_osci_stab_wait)
    rcu_periph_clock_enable                  0x08000bb9   Thumb Code    28  gd32f30x_rcu.o(i.rcu_periph_clock_enable)
    rcu_periph_reset_disable                 0x08000bd9   Thumb Code    28  gd32f30x_rcu.o(i.rcu_periph_reset_disable)
    rcu_periph_reset_enable                  0x08000bf9   Thumb Code    28  gd32f30x_rcu.o(i.rcu_periph_reset_enable)
    rcu_pll_config                           0x08000c19   Thumb Code    24  gd32f30x_rcu.o(i.rcu_pll_config)
    rcu_system_clock_source_config           0x08000c39   Thumb Code    18  gd32f30x_rcu.o(i.rcu_system_clock_source_config)
    rcu_system_clock_source_get              0x08000c51   Thumb Code    10  gd32f30x_rcu.o(i.rcu_system_clock_source_get)
    systick_clksource_set                    0x08000d79   Thumb Code    40  gd32f30x_misc.o(i.systick_clksource_set)
    systick_delay_config                     0x08000da1   Thumb Code    50  bsp_systicks.o(i.systick_delay_config)
    timer_break_config                       0x08000f51   Thumb Code    30  gd32f30x_timer.o(i.timer_break_config)
    timer_channel_output_config              0x08000f71   Thumb Code   484  gd32f30x_timer.o(i.timer_channel_output_config)
    timer_channel_output_mode_config         0x0800115d   Thumb Code    90  gd32f30x_timer.o(i.timer_channel_output_mode_config)
    timer_channel_output_pulse_value_config  0x080011b7   Thumb Code    38  gd32f30x_timer.o(i.timer_channel_output_pulse_value_config)
    timer_channel_output_shadow_config       0x080011dd   Thumb Code    90  gd32f30x_timer.o(i.timer_channel_output_shadow_config)
    timer_deinit                             0x08001239   Thumb Code   210  gd32f30x_timer.o(i.timer_deinit)
    timer_enable                             0x08001315   Thumb Code    10  gd32f30x_timer.o(i.timer_enable)
    timer_init                               0x08001321   Thumb Code   122  gd32f30x_timer.o(i.timer_init)
    timer_primary_output_config              0x080013b9   Thumb Code    24  gd32f30x_timer.o(i.timer_primary_output_config)
    usart_data_receive                       0x080013d1   Thumb Code    10  gd32f30x_usart.o(i.usart_data_receive)
    usart_interrupt_flag_get                 0x080013db   Thumb Code    56  gd32f30x_usart.o(i.usart_interrupt_flag_get)
    Region$$Table$$Base                      0x08001454   Number         0  anon$$obj.o(Region$$Table)
    Region$$Table$$Limit                     0x08001474   Number         0  anon$$obj.o(Region$$Table)
    Phy_Addr                                 0x2000000c   Data           6  w5500.o(.data)
    Gateway_IP                               0x20000012   Data           4  w5500.o(.data)
    Sub_Mask                                 0x20000016   Data           4  w5500.o(.data)
    IP_Addr                                  0x2000001a   Data           4  w5500.o(.data)
    S0_Port                                  0x2000001e   Data           2  w5500.o(.data)
    S0_DIP                                   0x20000020   Data           4  w5500.o(.data)
    S0_DPort                                 0x20000024   Data           2  w5500.o(.data)
    S0_Mode                                  0x20000026   Data           1  w5500.o(.data)
    UDP_DIPR                                 0x20000027   Data           4  w5500.o(.data)
    UDP_DPORT                                0x2000002b   Data           2  w5500.o(.data)
    S0_State                                 0x2000002d   Data           1  w5500.o(.data)
    S0_Data                                  0x2000002e   Data           1  w5500.o(.data)
    W5500_Interrupt                          0x2000002f   Data           1  w5500.o(.data)
    SystemCoreClock                          0x20000030   Data           4  system_gd32f30x.o(.data)
    __initial_sp                             0x200004a0   Data           0  startup_gd32f30x_hd.o(STACK)



==============================================================================

Memory Map of the image

  Image Entry point : 0x08000131

  Load Region LR_IROM1 (Base: 0x08000000, Size: 0x000014ac, Max: 0x00080000, ABSOLUTE)

    Execution Region ER_IROM1 (Exec base: 0x08000000, Load base: 0x08000000, Size: 0x00001474, Max: 0x00080000, ABSOLUTE)

    Exec Addr    Load Addr    Size         Type   Attr      Idx    E Section Name        Object

    0x08000000   0x08000000   0x00000130   Data   RO         4338    RESET               startup_gd32f30x_hd.o
    0x08000130   0x08000130   0x00000000   Code   RO         4431  * .ARM.Collect$$$$00000000  mc_w.l(entry.o)
    0x08000130   0x08000130   0x00000004   Code   RO         4442    .ARM.Collect$$$$00000001  mc_w.l(entry2.o)
    0x08000134   0x08000134   0x00000004   Code   RO         4445    .ARM.Collect$$$$00000004  mc_w.l(entry5.o)
    0x08000138   0x08000138   0x00000000   Code   RO         4447    .ARM.Collect$$$$00000008  mc_w.l(entry7b.o)
    0x08000138   0x08000138   0x00000000   Code   RO         4449    .ARM.Collect$$$$0000000A  mc_w.l(entry8b.o)
    0x08000138   0x08000138   0x00000008   Code   RO         4450    .ARM.Collect$$$$0000000B  mc_w.l(entry9a.o)
    0x08000140   0x08000140   0x00000000   Code   RO         4452    .ARM.Collect$$$$0000000D  mc_w.l(entry10a.o)
    0x08000140   0x08000140   0x00000000   Code   RO         4454    .ARM.Collect$$$$0000000F  mc_w.l(entry11a.o)
    0x08000140   0x08000140   0x00000004   Code   RO         4443    .ARM.Collect$$$$00002712  mc_w.l(entry2.o)
    0x08000144   0x08000144   0x00000024   Code   RO         4339    .text               startup_gd32f30x_hd.o
    0x08000168   0x08000168   0x00000062   Code   RO         4434    .text               mc_w.l(uldiv.o)
    0x080001ca   0x080001ca   0x00000024   Code   RO         4438    .text               mc_w.l(memseta.o)
    0x080001ee   0x080001ee   0x0000001e   Code   RO         4456    .text               mc_w.l(llshl.o)
    0x0800020c   0x0800020c   0x00000020   Code   RO         4458    .text               mc_w.l(llushr.o)
    0x0800022c   0x0800022c   0x00000024   Code   RO         4460    .text               mc_w.l(init.o)
    0x08000250   0x08000250   0x00000004   Code   RO          138    i.BusFault_Handler  gd32f30x_it.o
    0x08000254   0x08000254   0x00000002   Code   RO          139    i.DebugMon_Handler  gd32f30x_it.o
    0x08000256   0x08000256   0x00000002   PAD
    0x08000258   0x08000258   0x0000001c   Code   RO          275    i.EXTI0_IRQHandler  w5500.o
    0x08000274   0x08000274   0x00000004   Code   RO          140    i.HardFault_Handler  gd32f30x_it.o
    0x08000278   0x08000278   0x00000004   Code   RO          141    i.MemManage_Handler  gd32f30x_it.o
    0x0800027c   0x0800027c   0x00000002   Code   RO          142    i.NMI_Handler       gd32f30x_it.o
    0x0800027e   0x0800027e   0x00000002   Code   RO          143    i.PendSV_Handler    gd32f30x_it.o
    0x08000280   0x08000280   0x00000002   Code   RO          144    i.SVC_Handler       gd32f30x_it.o
    0x08000282   0x08000282   0x00000002   Code   RO          145    i.SysTick_Handler   gd32f30x_it.o
    0x08000284   0x08000284   0x00000050   Code   RO          470    i.SystemInit        system_gd32f30x.o
    0x080002d4   0x080002d4   0x00000040   Code   RO         4345    i.USART0_IRQHandler  uart.o
    0x08000314   0x08000314   0x00000004   Code   RO          146    i.UsageFault_Handler  gd32f30x_it.o
    0x08000318   0x08000318   0x0000000e   Code   RO         4464    i.__scatterload_copy  mc_w.l(handlers.o)
    0x08000326   0x08000326   0x00000002   Code   RO         4465    i.__scatterload_null  mc_w.l(handlers.o)
    0x08000328   0x08000328   0x0000000e   Code   RO         4466    i.__scatterload_zeroinit  mc_w.l(handlers.o)
    0x08000336   0x08000336   0x0000002a   Code   RO          511    i.adc_calibration_enable  gd32f30x_adc.o
    0x08000360   0x08000360   0x00000046   Code   RO          512    i.adc_channel_length_config  gd32f30x_adc.o
    0x080003a6   0x080003a6   0x00000002   PAD
    0x080003a8   0x080003a8   0x00000068   Code   RO          209    i.adc_config        main.o
    0x08000410   0x08000410   0x00000016   Code   RO          513    i.adc_data_alignment_config  gd32f30x_adc.o
    0x08000426   0x08000426   0x00000002   PAD
    0x08000428   0x08000428   0x00000058   Code   RO          514    i.adc_deinit        gd32f30x_adc.o
    0x08000480   0x08000480   0x00000012   Code   RO          519    i.adc_enable        gd32f30x_adc.o
    0x08000492   0x08000492   0x0000003e   Code   RO          520    i.adc_external_trigger_config  gd32f30x_adc.o
    0x080004d0   0x080004d0   0x00000030   Code   RO          521    i.adc_external_trigger_source_config  gd32f30x_adc.o
    0x08000500   0x08000500   0x00000008   Code   RO          522    i.adc_flag_clear    gd32f30x_adc.o
    0x08000508   0x08000508   0x0000000e   Code   RO          523    i.adc_flag_get      gd32f30x_adc.o
    0x08000516   0x08000516   0x00000002   PAD
    0x08000518   0x08000518   0x0000001c   Code   RO          531    i.adc_mode_config   gd32f30x_adc.o
    0x08000534   0x08000534   0x0000002c   Code   RO          210    i.adc_read_vbus_raw  main.o
    0x08000560   0x08000560   0x000000ac   Code   RO          535    i.adc_regular_channel_config  gd32f30x_adc.o
    0x0800060c   0x0800060c   0x00000008   Code   RO          536    i.adc_regular_data_read  gd32f30x_adc.o
    0x08000614   0x08000614   0x0000001e   Code   RO          538    i.adc_software_trigger_enable  gd32f30x_adc.o
    0x08000632   0x08000632   0x00000002   PAD
    0x08000634   0x08000634   0x00000058   Code   RO          211    i.clock_config      main.o
    0x0800068c   0x0800068c   0x00000020   Code   RO          212    i.delay_ms          main.o
    0x080006ac   0x080006ac   0x0000000c   Code   RO         1822    i.exti_interrupt_flag_clear  gd32f30x_exti.o
    0x080006b8   0x080006b8   0x00000024   Code   RO         1823    i.exti_interrupt_flag_get  gd32f30x_exti.o
    0x080006dc   0x080006dc   0x00000004   Code   RO         2163    i.gpio_bit_reset    gd32f30x_gpio.o
    0x080006e0   0x080006e0   0x00000004   Code   RO         2164    i.gpio_bit_set      gd32f30x_gpio.o
    0x080006e4   0x080006e4   0x000000a4   Code   RO          213    i.gpio_config       main.o
    0x08000788   0x08000788   0x000000a4   Code   RO         2173    i.gpio_init         gd32f30x_gpio.o
    0x0800082c   0x0800082c   0x00000184   Code   RO          214    i.main              main.o
    0x080009b0   0x080009b0   0x0000006c   Code   RO         2674    i.rcu_adc_clock_config  gd32f30x_rcu.o
    0x08000a1c   0x08000a1c   0x00000018   Code   RO         2675    i.rcu_ahb_clock_config  gd32f30x_rcu.o
    0x08000a34   0x08000a34   0x00000018   Code   RO         2677    i.rcu_apb1_clock_config  gd32f30x_rcu.o
    0x08000a4c   0x08000a4c   0x00000018   Code   RO         2678    i.rcu_apb2_clock_config  gd32f30x_rcu.o
    0x08000a64   0x08000a64   0x00000024   Code   RO         2686    i.rcu_flag_get      gd32f30x_rcu.o
    0x08000a88   0x08000a88   0x00000020   Code   RO         2698    i.rcu_osci_on       gd32f30x_rcu.o
    0x08000aa8   0x08000aa8   0x00000110   Code   RO         2699    i.rcu_osci_stab_wait  gd32f30x_rcu.o
    0x08000bb8   0x08000bb8   0x00000020   Code   RO         2701    i.rcu_periph_clock_enable  gd32f30x_rcu.o
    0x08000bd8   0x08000bd8   0x00000020   Code   RO         2704    i.rcu_periph_reset_disable  gd32f30x_rcu.o
    0x08000bf8   0x08000bf8   0x00000020   Code   RO         2705    i.rcu_periph_reset_enable  gd32f30x_rcu.o
    0x08000c18   0x08000c18   0x00000020   Code   RO         2706    i.rcu_pll_config    gd32f30x_rcu.o
    0x08000c38   0x08000c38   0x00000018   Code   RO         2710    i.rcu_system_clock_source_config  gd32f30x_rcu.o
    0x08000c50   0x08000c50   0x00000010   Code   RO         2711    i.rcu_system_clock_source_get  gd32f30x_rcu.o
    0x08000c60   0x08000c60   0x00000110   Code   RO          471    i.system_clock_72m_hxtal  system_gd32f30x.o
    0x08000d70   0x08000d70   0x00000008   Code   RO          472    i.system_clock_config  system_gd32f30x.o
    0x08000d78   0x08000d78   0x00000028   Code   RO         2490    i.systick_clksource_set  gd32f30x_misc.o
    0x08000da0   0x08000da0   0x00000044   Code   RO            5    i.systick_delay_config  bsp_systicks.o
    0x08000de4   0x08000de4   0x0000016c   Code   RO          215    i.timer0_pwm_fullbridge_init  main.o
    0x08000f50   0x08000f50   0x0000001e   Code   RO         3557    i.timer_break_config  gd32f30x_timer.o
    0x08000f6e   0x08000f6e   0x00000002   PAD
    0x08000f70   0x08000f70   0x000001ec   Code   RO         3568    i.timer_channel_output_config  gd32f30x_timer.o
    0x0800115c   0x0800115c   0x0000005a   Code   RO         3570    i.timer_channel_output_mode_config  gd32f30x_timer.o
    0x080011b6   0x080011b6   0x00000026   Code   RO         3572    i.timer_channel_output_pulse_value_config  gd32f30x_timer.o
    0x080011dc   0x080011dc   0x0000005a   Code   RO         3573    i.timer_channel_output_shadow_config  gd32f30x_timer.o
    0x08001236   0x08001236   0x00000002   PAD
    0x08001238   0x08001238   0x000000dc   Code   RO         3580    i.timer_deinit      gd32f30x_timer.o
    0x08001314   0x08001314   0x0000000a   Code   RO         3585    i.timer_enable      gd32f30x_timer.o
    0x0800131e   0x0800131e   0x00000002   PAD
    0x08001320   0x08001320   0x00000098   Code   RO         3595    i.timer_init        gd32f30x_timer.o
    0x080013b8   0x080013b8   0x00000018   Code   RO         3610    i.timer_primary_output_config  gd32f30x_timer.o
    0x080013d0   0x080013d0   0x0000000a   Code   RO         3972    i.usart_data_receive  gd32f30x_usart.o
    0x080013da   0x080013da   0x00000038   Code   RO         3989    i.usart_interrupt_flag_get  gd32f30x_usart.o
    0x08001412   0x08001412   0x00000002   PAD
    0x08001414   0x08001414   0x00000040   Code   RO          216    i.vbus_read_volts   main.o
    0x08001454   0x08001454   0x00000020   Data   RO         4462    Region$$Table       anon$$obj.o


    Execution Region RW_IRAM1 (Exec base: 0x20000000, Load base: 0x08001474, Size: 0x000004a0, Max: 0x00010000, ABSOLUTE)

    Exec Addr    Load Addr    Size         Type   Attr      Idx    E Section Name        Object

    0x20000000   0x08001474   0x00000004   Data   RW            6    .data               bsp_systicks.o
    0x20000004   0x08001478   0x00000008   Data   RW          217    .data               main.o
    0x2000000c   0x08001480   0x00000024   Data   RW          303    .data               w5500.o
    0x20000030   0x080014a4   0x00000004   Data   RW          473    .data               system_gd32f30x.o
    0x20000034   0x080014a8   0x00000001   Data   RW         4353    .data               uart.o
    0x20000035   0x080014a9   0x00000003   PAD
    0x20000038        -       0x00000064   Zero   RW         4352    .bss                uart.o
    0x2000009c   0x080014a9   0x00000004   PAD
    0x200000a0        -       0x00000400   Zero   RW         4336    STACK               startup_gd32f30x_hd.o


==============================================================================

Image component sizes


      Code (inc. data)   RO Data    RW Data    ZI Data      Debug   Object Name

        68         18          0          4          0      46411   bsp_systicks.o
       610         10          0          0          0       9531   gd32f30x_adc.o
        48         10          0          0          0       1462   gd32f30x_exti.o
       172          0          0          0          0       2304   gd32f30x_gpio.o
        26          0          0          0          0       4202   gd32f30x_it.o
        40          0          0          0          0        668   gd32f30x_misc.o
       688         88          0          0          0       9031   gd32f30x_rcu.o
      1146         48          0          0          0       7438   gd32f30x_timer.o
        66          0          0          0          0       1576   gd32f30x_usart.o
      1248        108          0          8          0       6335   main.o
        36          8        304          0       1024        944   startup_gd32f30x_hd.o
       360         30          0          4          0       2203   system_gd32f30x.o
        64         16          0          1        100       1184   uart.o
        28          4          0         36          0       1862   w5500.o

    ----------------------------------------------------------------------
      4618        340        336         56       1128      95151   Object Totals
         0          0         32          0          0          0   (incl. Generated)
        18          0          0          3          4          0   (incl. Padding)

    ----------------------------------------------------------------------

      Code (inc. data)   RO Data    RW Data    ZI Data      Debug   Library Member Name

         0          0          0          0          0          0   entry.o
         0          0          0          0          0          0   entry10a.o
         0          0          0          0          0          0   entry11a.o
         8          4          0          0          0          0   entry2.o
         4          0          0          0          0          0   entry5.o
         0          0          0          0          0          0   entry7b.o
         0          0          0          0          0          0   entry8b.o
         8          4          0          0          0          0   entry9a.o
        30          0          0          0          0          0   handlers.o
        36          8          0          0          0         68   init.o
        30          0          0          0          0         68   llshl.o
        32          0          0          0          0         68   llushr.o
        36          0          0          0          0        108   memseta.o
        98          0          0          0          0         92   uldiv.o

    ----------------------------------------------------------------------
       282         16          0          0          0        404   Library Totals
         0          0          0          0          0          0   (incl. Padding)

    ----------------------------------------------------------------------

      Code (inc. data)   RO Data    RW Data    ZI Data      Debug   Library Name

       282         16          0          0          0        404   mc_w.l

    ----------------------------------------------------------------------
       282         16          0          0          0        404   Library Totals

    ----------------------------------------------------------------------

==============================================================================


      Code (inc. data)   RO Data    RW Data    ZI Data      Debug   

      4900        356        336         56       1128      89655   Grand Totals
      4900        356        336         56       1128      89655   ELF Image Totals
      4900        356        336         56          0          0   ROM Totals

==============================================================================

    Total RO  Size (Code + RO Data)                 5236 (   5.11kB)
    Total RW  Size (RW Data + ZI Data)              1184 (   1.16kB)
    Total ROM Size (Code + RO Data + RW Data)       5292 (   5.17kB)

==============================================================================

