<html>
<body>
<pre>
<h1>µVision Build Log</h1>
<h2>Tool Versions:</h2>
IDE-Version: ¦ÌVision V5.25.2.0
Copyright (C) 2018 ARM Ltd and ARM Germany GmbH. All rights reserved.
License Information: Rengar huyanjueluo@petalmail.com, lux, LIC=FYKYW-QAMUV-SB5EJ-UG7ND-EIBFV-T751P
 
Tool Versions:
Toolchain:       MDK-ARM Plus  Version: 5.25.2.0
Toolchain Path:  C:\Keil_v5\ARM\ARMCC\Bin
C Compiler:      Armcc.exe V5.06 update 6 (build 750)
Assembler:       Armasm.exe V5.06 update 6 (build 750)
Linker/Locator:  ArmLink.exe V5.06 update 6 (build 750)
Library Manager: ArmAr.exe V5.06 update 6 (build 750)
Hex Converter:   FromElf.exe V5.06 update 6 (build 750)
CPU DLL:         SARMCM3.DLL V5.25.2.0
Dialog DLL:      DCM.DLL V1.17.1.0
Target DLL:      Segger\JL2CM3.dll V2.99.29.0
Dialog DLL:      TCM.DLL V1.35.1.0
 
<h2>Project:</h2>
D:\GD\9.W5500_Client_Hard_Test - SPI2\9.W5500_Client_Hard_Test - SPI2\USER\W5500_Client.uvprojx
Project File Date:  09/16/2025

<h2>Output:</h2>
*** Using Compiler 'V5.06 update 6 (build 750)', folder: 'C:\Keil_v5\ARM\ARMCC\Bin'
Rebuild target 'W5500'
compiling gd32f30x_it.c...
compiling gd32f30x_dac.c...
compiling gd32f30x_ctc.c...
compiling gd32f30x_dbg.c...
compiling main.c...
compiling system_gd32f30x.c...
compiling gd32f30x_exti.c...
compiling gd32f30x_adc.c...
compiling gd32f30x_can.c...
compiling gd32f30x_enet.c...
compiling gd32f30x_crc.c...
compiling gd32f30x_fmc.c...
compiling bsp_SysTicks.c...
compiling gd32f30x_fwdgt.c...
compiling W5500.c...
compiling gd32f30x_bkp.c...
compiling gd32f30x_dma.c...
compiling gd32f30x_i2c.c...
compiling gd32f30x_exmc.c...
compiling gd32f30x_gpio.c...
compiling gd32f30x_misc.c...
compiling gd32f30x_pmu.c...
compiling gd32f30x_rtc.c...
compiling gd32f30x_rcu.c...
compiling timer.c...
assembling startup_gd32f30x_hd.s...
compiling gd32f30x_sdio.c...
compiling gd32f30x_spi.c...
compiling gd32f30x_wwdgt.c...
compiling uart.c...
..\HARDWARE\src\uart.c(117): warning:  #550-D: variable "uart0_rcev_buff"  was set but never used
  static uint8_t uart0_rcev_buff[100];
..\HARDWARE\src\uart.c: 1 warning, 0 errors
compiling gd32f30x_usart.c...
compiling spi.c...
compiling gd32f30x_timer.c...
linking...
Program Size: Code=4900 RO-data=336 RW-data=56 ZI-data=1128  
".\Objects\W5500_Client.axf" - 0 Error(s), 1 Warning(s).

<h2>Software Packages used:</h2>

Package Vendor: GigaDevice
                http://gd32mcu.com/data/documents/pack/GigaDevice.GD32F30x_DFP.2.2.0.pack
                GigaDevice.GD32F30x_DFP.2.2.0
                GigaDevice GD32F30x Series Device Support and Examples

<h2>Collection of Component include folders:</h2>
  .\RTE\_W5500
  C:\Users\huyan\AppData\Local\Arm\Packs\GigaDevice\GD32F30x_DFP\2.2.0\Device\Include

<h2>Collection of Component Files used:</h2>
Build Time Elapsed:  00:02:04
</pre>
</body>
</html>
